Component: ARM Compiler 5.06 update 6 (build 750) Tool: armlink [4d35ed]

==============================================================================

Section Cross References

    startup_stm32f407xx.o(STACK) refers (Special) to heapauxi.o(.text) for __use_two_region_memory
    startup_stm32f407xx.o(HEAP) refers (Special) to heapauxi.o(.text) for __use_two_region_memory
    startup_stm32f407xx.o(RESET) refers (Special) to heapauxi.o(.text) for __use_two_region_memory
    startup_stm32f407xx.o(RESET) refers to startup_stm32f407xx.o(STACK) for __initial_sp
    startup_stm32f407xx.o(RESET) refers to startup_stm32f407xx.o(.text) for Reset_Handler
    startup_stm32f407xx.o(RESET) refers to stm32f4xx_it.o(i.NMI_Handler) for NMI_Handler
    startup_stm32f407xx.o(RESET) refers to stm32f4xx_it.o(i.HardFault_Handler) for HardFault_Handler
    startup_stm32f407xx.o(RESET) refers to stm32f4xx_it.o(i.MemManage_Handler) for MemManage_Handler
    startup_stm32f407xx.o(RESET) refers to stm32f4xx_it.o(i.BusFault_Handler) for BusFault_Handler
    startup_stm32f407xx.o(RESET) refers to stm32f4xx_it.o(i.UsageFault_Handler) for UsageFault_Handler
    startup_stm32f407xx.o(RESET) refers to port.o(.emb_text) for SVC_Handler
    startup_stm32f407xx.o(RESET) refers to stm32f4xx_it.o(i.DebugMon_Handler) for DebugMon_Handler
    startup_stm32f407xx.o(RESET) refers to stm32f4xx_it.o(i.SysTick_Handler) for SysTick_Handler
    startup_stm32f407xx.o(RESET) refers to stm32f4xx_it.o(i.DMA1_Stream1_IRQHandler) for DMA1_Stream1_IRQHandler
    startup_stm32f407xx.o(RESET) refers to stm32f4xx_it.o(i.CAN1_RX0_IRQHandler) for CAN1_RX0_IRQHandler
    startup_stm32f407xx.o(RESET) refers to stm32f4xx_it.o(i.USART1_IRQHandler) for USART1_IRQHandler
    startup_stm32f407xx.o(RESET) refers to stm32f4xx_it.o(i.USART3_IRQHandler) for USART3_IRQHandler
    startup_stm32f407xx.o(RESET) refers to stm32f4xx_it.o(i.DMA2_Stream1_IRQHandler) for DMA2_Stream1_IRQHandler
    startup_stm32f407xx.o(RESET) refers to stm32f4xx_it.o(i.CAN2_RX0_IRQHandler) for CAN2_RX0_IRQHandler
    startup_stm32f407xx.o(RESET) refers to stm32f4xx_it.o(i.DMA2_Stream5_IRQHandler) for DMA2_Stream5_IRQHandler
    startup_stm32f407xx.o(RESET) refers to stm32f4xx_it.o(i.DMA2_Stream6_IRQHandler) for DMA2_Stream6_IRQHandler
    startup_stm32f407xx.o(RESET) refers to stm32f4xx_it.o(i.USART6_IRQHandler) for USART6_IRQHandler
    startup_stm32f407xx.o(.text) refers (Special) to heapauxi.o(.text) for __use_two_region_memory
    startup_stm32f407xx.o(.text) refers to system_stm32f4xx.o(i.SystemInit) for SystemInit
    startup_stm32f407xx.o(.text) refers to __main.o(!!!main) for __main
    startup_stm32f407xx.o(.text) refers to startup_stm32f407xx.o(HEAP) for Heap_Mem
    startup_stm32f407xx.o(.text) refers to startup_stm32f407xx.o(STACK) for Stack_Mem
    main.o(i.SystemClock_Config) refers to rt_memclr_w.o(.text) for __aeabi_memclr4
    main.o(i.SystemClock_Config) refers to stm32f4xx_hal_rcc.o(i.HAL_RCC_OscConfig) for HAL_RCC_OscConfig
    main.o(i.SystemClock_Config) refers to main.o(i.Error_Handler) for Error_Handler
    main.o(i.SystemClock_Config) refers to stm32f4xx_hal_rcc.o(i.HAL_RCC_ClockConfig) for HAL_RCC_ClockConfig
    main.o(i.main) refers to stm32f4xx_hal.o(i.HAL_Init) for HAL_Init
    main.o(i.main) refers to main.o(i.SystemClock_Config) for SystemClock_Config
    main.o(i.main) refers to gpio.o(i.MX_GPIO_Init) for MX_GPIO_Init
    main.o(i.main) refers to dma.o(i.MX_DMA_Init) for MX_DMA_Init
    main.o(i.main) refers to usart.o(i.MX_USART1_UART_Init) for MX_USART1_UART_Init
    main.o(i.main) refers to can.o(i.MX_CAN1_Init) for MX_CAN1_Init
    main.o(i.main) refers to can.o(i.MX_CAN2_Init) for MX_CAN2_Init
    main.o(i.main) refers to usart.o(i.MX_USART3_UART_Init) for MX_USART3_UART_Init
    main.o(i.main) refers to usart.o(i.MX_USART6_UART_Init) for MX_USART6_UART_Init
    main.o(i.main) refers to bsp_usart.o(i.usart_init) for usart_init
    main.o(i.main) refers to bsp_can.o(i.can_filter_init) for can_filter_init
    main.o(i.main) refers to dt16_control.o(i.DT16_control_init) for DT16_control_init
    main.o(i.main) refers to freertos.o(i.MX_FREERTOS_Init) for MX_FREERTOS_Init
    main.o(i.main) refers to cmsis_os.o(i.osKernelStart) for osKernelStart
    gpio.o(i.MX_GPIO_Init) refers to rt_memclr_w.o(.text) for __aeabi_memclr4
    gpio.o(i.MX_GPIO_Init) refers to stm32f4xx_hal_gpio.o(i.HAL_GPIO_WritePin) for HAL_GPIO_WritePin
    gpio.o(i.MX_GPIO_Init) refers to stm32f4xx_hal_gpio.o(i.HAL_GPIO_Init) for HAL_GPIO_Init
    freertos.o(i.MX_FREERTOS_Init) refers to cmsis_os.o(i.osMessageCreate) for osMessageCreate
    freertos.o(i.MX_FREERTOS_Init) refers to rt_memcpy_w.o(.text) for __aeabi_memcpy4
    freertos.o(i.MX_FREERTOS_Init) refers to cmsis_os.o(i.osThreadCreate) for osThreadCreate
    freertos.o(i.MX_FREERTOS_Init) refers to freertos.o(.constdata) for .constdata
    freertos.o(i.MX_FREERTOS_Init) refers to freertos.o(.data) for VisionQueueHandle
[...]
    __rt_entry_postsh_1                      0x0800024f   Thumb Code     0  __rtentry2.o(.ARM.Collect$$rtentry$$00000009)
    __rt_entry_main                          0x08000253   Thumb Code     0  __rtentry2.o(.ARM.Collect$$rtentry$$0000000D)
    __rt_entry_postli_1                      0x08000253   Thumb Code     0  __rtentry2.o(.ARM.Collect$$rtentry$$0000000C)
    __rt_exit                                0x0800025b   Thumb Code     0  rtexit.o(.ARM.Collect$$rtexit$$00000000)
    __rt_exit_ls                             0x0800025d   Thumb Code     0  rtexit2.o(.ARM.Collect$$rtexit$$00000003)
    __rt_exit_prels_1                        0x0800025d   Thumb Code     0  rtexit2.o(.ARM.Collect$$rtexit$$00000002)
    __rt_exit_exit                           0x08000261   Thumb Code     0  rtexit2.o(.ARM.Collect$$rtexit$$00000004)
    SVC_Handler                              0x08000269   Thumb Code    28  port.o(.emb_text)
    __asm___6_port_c_39a90d8d__prvStartFirstTask 0x08000289   Thumb Code    36  port.o(.emb_text)
    __asm___6_port_c_39a90d8d__prvEnableVFP  0x080002b1   Thumb Code    16  port.o(.emb_text)
    PendSV_Handler                           0x080002c5   Thumb Code    88  port.o(.emb_text)
    vPortGetIPSR                             0x08000321   Thumb Code     6  port.o(.emb_text)
    Reset_Handler                            0x08000329   Thumb Code     8  startup_stm32f407xx.o(.text)
    ADC_IRQHandler                           0x08000343   Thumb Code     0  startup_stm32f407xx.o(.text)
    CAN1_RX1_IRQHandler                      0x08000343   Thumb Code     0  startup_stm32f407xx.o(.text)
    CAN1_SCE_IRQHandler                      0x08000343   Thumb Code     0  startup_stm32f407xx.o(.text)
    CAN1_TX_IRQHandler                       0x08000343   Thumb Code     0  startup_stm32f407xx.o(.text)
    CAN2_RX1_IRQHandler                      0x08000343   Thumb Code     0  startup_stm32f407xx.o(.text)
    CAN2_SCE_IRQHandler                      0x08000343   Thumb Code     0  startup_stm32f407xx.o(.text)
    CAN2_TX_IRQHandler                       0x08000343   Thumb Code     0  startup_stm32f407xx.o(.text)
    DCMI_IRQHandler                          0x08000343   Thumb Code     0  startup_stm32f407xx.o(.text)
    DMA1_Stream0_IRQHandler                  0x08000343   Thumb Code     0  startup_stm32f407xx.o(.text)
    DMA1_Stream2_IRQHandler                  0x08000343   Thumb Code     0  startup_stm32f407xx.o(.text)
    DMA1_Stream3_IRQHandler                  0x08000343   Thumb Code     0  startup_stm32f407xx.o(.text)
    DMA1_Stream4_IRQHandler                  0x08000343   Thumb Code     0  startup_stm32f407xx.o(.text)
    DMA1_Stream5_IRQHandler                  0x08000343   Thumb Code     0  startup_stm32f407xx.o(.text)
    DMA1_Stream6_IRQHandler                  0x08000343   Thumb Code     0  startup_stm32f407xx.o(.text)
    DMA1_Stream7_IRQHandler                  0x08000343   Thumb Code     0  startup_stm32f407xx.o(.text)
    DMA2_Stream0_IRQHandler                  0x08000343   Thumb Code     0  startup_stm32f407xx.o(.text)
    DMA2_Stream2_IRQHandler                  0x08000343   Thumb Code     0  startup_stm32f407xx.o(.text)
    DMA2_Stream3_IRQHandler                  0x08000343   Thumb Code     0  startup_stm32f407xx.o(.text)
    DMA2_Stream4_IRQHandler                  0x08000343   Thumb Code     0  startup_stm32f407xx.o(.text)
    DMA2_Stream7_IRQHandler                  0x08000343   Thumb Code     0  startup_stm32f407xx.o(.text)
    ETH_IRQHandler                           0x08000343   Thumb Code     0  startup_stm32f407xx.o(.text)
    ETH_WKUP_IRQHandler                      0x08000343   Thumb Code     0  startup_stm32f407xx.o(.text)
    EXTI0_IRQHandler                         0x08000343   Thumb Code     0  startup_stm32f407xx.o(.text)
    EXTI15_10_IRQHandler                     0x08000343   Thumb Code     0  startup_stm32f407xx.o(.text)
    EXTI1_IRQHandler                         0x08000343   Thumb Code     0  startup_stm32f407xx.o(.text)
    EXTI2_IRQHandler                         0x08000343   Thumb Code     0  startup_stm32f407xx.o(.text)
    EXTI3_IRQHandler                         0x08000343   Thumb Code     0  startup_stm32f407xx.o(.text)
    EXTI4_IRQHandler                         0x08000343   Thumb Code     0  startup_stm32f407xx.o(.text)
    EXTI9_5_IRQHandler                       0x08000343   Thumb Code     0  startup_stm32f407xx.o(.text)
    FLASH_IRQHandler                         0x08000343   Thumb Code     0  startup_stm32f407xx.o(.text)
    FMC_IRQHandler                           0x08000343   Thumb Code     0  startup_stm32f407xx.o(.text)
    FPU_IRQHandler                           0x08000343   Thumb Code     0  startup_stm32f407xx.o(.text)
    HASH_RNG_IRQHandler                      0x08000343   Thumb Code     0  startup_stm32f407xx.o(.text)
    I2C1_ER_IRQHandler                       0x08000343   Thumb Code     0  startup_stm32f407xx.o(.text)
    I2C1_EV_IRQHandler                       0x08000343   Thumb Code     0  startup_stm32f407xx.o(.text)
    I2C2_ER_IRQHandler                       0x08000343   Thumb Code     0  startup_stm32f407xx.o(.text)
    I2C2_EV_IRQHandler                       0x08000343   Thumb Code     0  startup_stm32f407xx.o(.text)
    I2C3_ER_IRQHandler                       0x08000343   Thumb Code     0  startup_stm32f407xx.o(.text)
    I2C3_EV_IRQHandler                       0x08000343   Thumb Code     0  startup_stm32f407xx.o(.text)
    OTG_FS_IRQHandler                        0x08000343   Thumb Code     0  startup_stm32f407xx.o(.text)
    OTG_FS_WKUP_IRQHandler                   0x08000343   Thumb Code     0  startup_stm32f407xx.o(.text)
    OTG_HS_EP1_IN_IRQHandler                 0x08000343   Thumb Code     0  startup_stm32f407xx.o(.text)
    OTG_HS_EP1_OUT_IRQHandler                0x08000343   Thumb Code     0  startup_stm32f407xx.o(.text)
    OTG_HS_IRQHandler                        0x08000343   Thumb Code     0  startup_stm32f407xx.o(.text)
    OTG_HS_WKUP_IRQHandler                   0x08000343   Thumb Code     0  startup_stm32f407xx.o(.text)
    PVD_IRQHandler                           0x08000343   Thumb Code     0  startup_stm32f407xx.o(.text)
    RCC_IRQHandler                           0x08000343   Thumb Code     0  startup_stm32f407xx.o(.text)
    RTC_Alarm_IRQHandler                     0x08000343   Thumb Code     0  startup_stm32f407xx.o(.text)
    RTC_WKUP_IRQHandler                      0x08000343   Thumb Code     0  startup_stm32f407xx.o(.text)
    SDIO_IRQHandler                          0x08000343   Thumb Code     0  startup_stm32f407xx.o(.text)
    SPI1_IRQHandler                          0x08000343   Thumb Code     0  startup_stm32f407xx.o(.text)
    SPI2_IRQHandler                          0x08000343   Thumb Code     0  startup_stm32f407xx.o(.text)
    SPI3_IRQHandler                          0x08000343   Thumb Code     0  startup_stm32f407xx.o(.text)
    TAMP_STAMP_IRQHandler                    0x08000343   Thumb Code     0  startup_stm32f407xx.o(.text)
    TIM1_BRK_TIM9_IRQHandler                 0x08000343   Thumb Code     0  startup_stm32f407xx.o(.text)
    TIM1_CC_IRQHandler                       0x08000343   Thumb Code     0  startup_stm32f407xx.o(.text)
    TIM1_TRG_COM_TIM11_IRQHandler            0x08000343   Thumb Code     0  startup_stm32f407xx.o(.text)
    TIM1_UP_TIM10_IRQHandler                 0x08000343   Thumb Code     0  startup_stm32f407xx.o(.text)
    TIM2_IRQHandler                          0x08000343   Thumb Code     0  startup_stm32f407xx.o(.text)
    TIM3_IRQHandler                          0x08000343   Thumb Code     0  startup_stm32f407xx.o(.text)
    TIM4_IRQHandler                          0x08000343   Thumb Code     0  startup_stm32f407xx.o(.text)
    TIM5_IRQHandler                          0x08000343   Thumb Code     0  startup_stm32f407xx.o(.text)
    TIM6_DAC_IRQHandler                      0x08000343   Thumb Code     0  startup_stm32f407xx.o(.text)
    TIM7_IRQHandler                          0x08000343   Thumb Code     0  startup_stm32f407xx.o(.text)
    TIM8_BRK_TIM12_IRQHandler                0x08000343   Thumb Code     0  startup_stm32f407xx.o(.text)
    TIM8_CC_IRQHandler                       0x08000343   Thumb Code     0  startup_stm32f407xx.o(.text)
    TIM8_TRG_COM_TIM14_IRQHandler            0x08000343   Thumb Code     0  startup_stm32f407xx.o(.text)
    TIM8_UP_TIM13_IRQHandler                 0x08000343   Thumb Code     0  startup_stm32f407xx.o(.text)
    UART4_IRQHandler                         0x08000343   Thumb Code     0  startup_stm32f407xx.o(.text)
    UART5_IRQHandler                         0x08000343   Thumb Code     0  startup_stm32f407xx.o(.text)
    USART2_IRQHandler                        0x08000343   Thumb Code     0  startup_stm32f407xx.o(.text)
    WWDG_IRQHandler                          0x08000343   Thumb Code     0  startup_stm32f407xx.o(.text)
    __user_initial_stackheap                 0x08000345   Thumb Code     0  startup_stm32f407xx.o(.text)
    arm_cos_f32                              0x08000369   Thumb Code   108  arm_cos_f32.o(.text)
    arm_sin_f32                              0x080003e1   Thumb Code   104  arm_sin_f32.o(.text)
    __aeabi_uldivmod                         0x08000455   Thumb Code     0  lludivv7m.o(.text)
    _ll_udiv                                 0x08000455   Thumb Code   238  lludivv7m.o(.text)
    __aeabi_memcpy                           0x08000543   Thumb Code     0  rt_memcpy_v6.o(.text)
    __rt_memcpy                              0x08000543   Thumb Code   138  rt_memcpy_v6.o(.text)
    _memcpy_lastbytes                        0x080005a9   Thumb Code     0  rt_memcpy_v6.o(.text)
    __aeabi_memmove                          0x080005cd   Thumb Code     0  rt_memmove_v6.o(.text)
    __rt_memmove                             0x080005cd   Thumb Code   132  rt_memmove_v6.o(.text)
    __memmove_lastfew                        0x0800062d   Thumb Code     0  rt_memmove_v6.o(.text)
    __aeabi_memcpy4                          0x08000651   Thumb Code     0  rt_memcpy_w.o(.text)
    __aeabi_memcpy8                          0x08000651   Thumb Code     0  rt_memcpy_w.o(.text)
    __rt_memcpy_w                            0x08000651   Thumb Code   100  rt_memcpy_w.o(.text)
    _memcpy_lastbytes_aligned                0x08000699   Thumb Code     0  rt_memcpy_w.o(.text)
    __aeabi_memclr4                          0x080006b5   Thumb Code     0  rt_memclr_w.o(.text)
    __aeabi_memclr8                          0x080006b5   Thumb Code     0  rt_memclr_w.o(.text)
    __rt_memclr_w                            0x080006b5   Thumb Code    78  rt_memclr_w.o(.text)
    _memset_w                                0x080006b9   Thumb Code     0  rt_memclr_w.o(.text)
    __use_two_region_memory                  0x08000703   Thumb Code     2  heapauxi.o(.text)
    __rt_heap_escrow$2region                 0x08000705   Thumb Code     2  heapauxi.o(.text)
    __rt_heap_expand$2region                 0x08000707   Thumb Code     2  heapauxi.o(.text)
    __aeabi_memmove4                         0x08000709   Thumb Code     0  rt_memmove_w.o(.text)
    __aeabi_memmove8                         0x08000709   Thumb Code     0  rt_memmove_w.o(.text)
    __rt_memmove_w                           0x08000709   Thumb Code   122  rt_memmove_w.o(.text)
    __memmove_aligned                        0x0800072f   Thumb Code     0  rt_memmove_w.o(.text)
    __memmove_lastfew_aligned                0x08000767   Thumb Code     0  rt_memmove_w.o(.text)
    _fp_trap                                 0x08000785   Thumb Code    44  _fptrap.o(.text)
    __user_setup_stackheap                   0x080007b5   Thumb Code    74  sys_stackheap_outer.o(.text)
    exit                                     0x080007ff   Thumb Code    18  exit.o(.text)
    __rt_SIGFPE                              0x08000811   Thumb Code    14  defsig_fpe_outer.o(.text)
    __user_libspace                          0x08000821   Thumb Code     8  libspace.o(.text)
    __user_perproc_libspace                  0x08000821   Thumb Code     0  libspace.o(.text)
    __user_perthread_libspace                0x08000821   Thumb Code     0  libspace.o(.text)
    __sig_exit                               0x08000829   Thumb Code    10  defsig_exit.o(.text)
    __rt_SIGFPE_inner                        0x08000835   Thumb Code    62  defsig_fpe_inner.o(.text)
    _sys_exit                                0x080008e1   Thumb Code     8  sys_exit.o(.text)
    __default_signal_display                 0x080008ed   Thumb Code    50  defsig_general.o(.text)
    _ttywrch                                 0x0800091f   Thumb Code    14  sys_wrch.o(.text)
    __I$use$semihosting                      0x0800092d   Thumb Code     0  use_no_semi.o(.text)
    __use_no_semihosting_swi                 0x0800092d   Thumb Code     2  use_no_semi.o(.text)
    BusFault_Handler                         0x0800092f   Thumb Code     4  stm32f4xx_it.o(i.BusFault_Handler)
    __semihosting_library_function           0x0800092f   Thumb Code     0  indicate_semi.o(.text)
    CAN1_RX0_IRQHandler                      0x08000935   Thumb Code    10  stm32f4xx_it.o(i.CAN1_RX0_IRQHandler)
    CAN2_RX0_IRQHandler                      0x08000945   Thumb Code    10  stm32f4xx_it.o(i.CAN2_RX0_IRQHandler)
    CAN_cmd_chassis                          0x08000955   Thumb Code    70  can_receive.o(i.CAN_cmd_chassis)
    CAN_cmd_gimbal                           0x080009a9   Thumb Code    62  can_receive.o(i.CAN_cmd_gimbal)
    CAN_cmd_shoot                            0x080009f5   Thumb Code    66  can_receive.o(i.CAN_cmd_shoot)
    DMA1_Stream1_IRQHandler                  0x08000a45   Thumb Code    10  stm32f4xx_it.o(i.DMA1_Stream1_IRQHandler)
    DMA2_Stream1_IRQHandler                  0x08000a55   Thumb Code    10  stm32f4xx_it.o(i.DMA2_Stream1_IRQHandler)
    DMA2_Stream5_IRQHandler                  0x08000a65   Thumb Code    10  stm32f4xx_it.o(i.DMA2_Stream5_IRQHandler)
    DMA2_Stream6_IRQHandler                  0x08000a75   Thumb Code    10  stm32f4xx_it.o(i.DMA2_Stream6_IRQHandler)
    DT16_control_init                        0x08000b91   Thumb Code    16  dt16_control.o(i.DT16_control_init)
    DT16_init                                0x08000ba5   Thumb Code   142  bsp_dt16.o(i.DT16_init)
    DT16_usart3_to_rc_data                   0x08000c41   Thumb Code   278  dt16_control.o(i.DT16_usart3_to_rc_data)
    DebugMon_Handler                         0x08000d71   Thumb Code     2  stm32f4xx_it.o(i.DebugMon_Handler)
    Error_Handler                            0x08000d73   Thumb Code     6  main.o(i.Error_Handler)
    HAL_CAN_ActivateNotification             0x08000d79   Thumb Code    42  stm32f4xx_hal_can.o(i.HAL_CAN_ActivateNotification)
    HAL_CAN_AddTxMessage                     0x08000da3   Thumb Code   330  stm32f4xx_hal_can.o(i.HAL_CAN_AddTxMessage)
    HAL_CAN_ConfigFilter                     0x08000eed   Thumb Code   286  stm32f4xx_hal_can.o(i.HAL_CAN_ConfigFilter)
    HAL_CAN_ErrorCallback                    0x08001011   Thumb Code     2  stm32f4xx_hal_can.o(i.HAL_CAN_ErrorCallback)
    HAL_CAN_GetRxMessage                     0x08001013   Thumb Code   404  stm32f4xx_hal_can.o(i.HAL_CAN_GetRxMessage)
    HAL_CAN_IRQHandler                       0x080011a7   Thumb Code   590  stm32f4xx_hal_can.o(i.HAL_CAN_IRQHandler)
    HAL_CAN_Init                             0x080013f5   Thumb Code   372  stm32f4xx_hal_can.o(i.HAL_CAN_Init)
    HAL_CAN_MspInit                          0x08001569   Thumb Code   328  can.o(i.HAL_CAN_MspInit)
    HAL_CAN_RxFifo0FullCallback              0x080016c9   Thumb Code     2  stm32f4xx_hal_can.o(i.HAL_CAN_RxFifo0FullCallback)
    HAL_CAN_RxFifo0MsgPendingCallback        0x080016cd   Thumb Code   444  can_receive.o(i.HAL_CAN_RxFifo0MsgPendingCallback)
    HAL_CAN_RxFifo1FullCallback              0x0800189d   Thumb Code     2  stm32f4xx_hal_can.o(i.HAL_CAN_RxFifo1FullCallback)
    HAL_CAN_RxFifo1MsgPendingCallback        0x0800189f   Thumb Code     2  stm32f4xx_hal_can.o(i.HAL_CAN_RxFifo1MsgPendingCallback)
    HAL_CAN_SleepCallback                    0x080018a1   Thumb Code     2  stm32f4xx_hal_can.o(i.HAL_CAN_SleepCallback)
    HAL_CAN_Start                            0x080018a3   Thumb Code    94  stm32f4xx_hal_can.o(i.HAL_CAN_Start)
    HAL_CAN_TxMailbox0AbortCallback          0x08001901   Thumb Code     2  stm32f4xx_hal_can.o(i.HAL_CAN_TxMailbox0AbortCallback)
    HAL_CAN_TxMailbox0CompleteCallback       0x08001903   Thumb Code     2  stm32f4xx_hal_can.o(i.HAL_CAN_TxMailbox0CompleteCallback)
    HAL_CAN_TxMailbox1AbortCallback          0x08001905   Thumb Code     2  stm32f4xx_hal_can.o(i.HAL_CAN_TxMailbox1AbortCallback)
    HAL_CAN_TxMailbox1CompleteCallback       0x08001907   Thumb Code     2  stm32f4xx_hal_can.o(i.HAL_CAN_TxMailbox1CompleteCallback)
    HAL_CAN_TxMailbox2AbortCallback          0x08001909   Thumb Code     2  stm32f4xx_hal_can.o(i.HAL_CAN_TxMailbox2AbortCallback)
    HAL_CAN_TxMailbox2CompleteCallback       0x0800190b   Thumb Code     2  stm32f4xx_hal_can.o(i.HAL_CAN_TxMailbox2CompleteCallback)
    HAL_CAN_WakeUpFromRxMsgCallback          0x0800190d   Thumb Code     2  stm32f4xx_hal_can.o(i.HAL_CAN_WakeUpFromRxMsgCallback)
    HAL_DMA_Abort                            0x0800190f   Thumb Code   172  stm32f4xx_hal_dma.o(i.HAL_DMA_Abort)
    HAL_DMA_Abort_IT                         0x080019bb   Thumb Code    40  stm32f4xx_hal_dma.o(i.HAL_DMA_Abort_IT)
    HAL_DMA_IRQHandler                       0x080019e5   Thumb Code   570  stm32f4xx_hal_dma.o(i.HAL_DMA_IRQHandler)
    HAL_DMA_Init                             0x08001c25   Thumb Code   232  stm32f4xx_hal_dma.o(i.HAL_DMA_Init)
    HAL_DMA_Start_IT                         0x08001d11   Thumb Code   146  stm32f4xx_hal_dma.o(i.HAL_DMA_Start_IT)
    HAL_GPIO_Init                            0x08001da5   Thumb Code   454  stm32f4xx_hal_gpio.o(i.HAL_GPIO_Init)
    HAL_GPIO_WritePin                        0x08001f99   Thumb Code    12  stm32f4xx_hal_gpio.o(i.HAL_GPIO_WritePin)
    HAL_GetTick                              0x08001fa5   Thumb Code     6  stm32f4xx_hal.o(i.HAL_GetTick)
    HAL_IncTick                              0x08001fb1   Thumb Code    16  stm32f4xx_hal.o(i.HAL_IncTick)
    HAL_Init                                 0x08001fc9   Thumb Code    54  stm32f4xx_hal.o(i.HAL_Init)
    HAL_InitTick                             0x08002005   Thumb Code    64  stm32f4xx_hal.o(i.HAL_InitTick)
    HAL_MspInit                              0x08002051   Thumb Code    78  stm32f4xx_hal_msp.o(i.HAL_MspInit)
    HAL_NVIC_EnableIRQ                       0x080020a5   Thumb Code    40  stm32f4xx_hal_cortex.o(i.HAL_NVIC_EnableIRQ)
    HAL_NVIC_SetPriority                     0x080020cd   Thumb Code   124  stm32f4xx_hal_cortex.o(i.HAL_NVIC_SetPriority)
    HAL_NVIC_SetPriorityGrouping             0x08002149   Thumb Code    32  stm32f4xx_hal_cortex.o(i.HAL_NVIC_SetPriorityGrouping)
    HAL_RCC_ClockConfig                      0x08002171   Thumb Code   368  stm32f4xx_hal_rcc.o(i.HAL_RCC_ClockConfig)
    HAL_RCC_GetHCLKFreq                      0x080022f5   Thumb Code     6  stm32f4xx_hal_rcc.o(i.HAL_RCC_GetHCLKFreq)
    HAL_RCC_GetPCLK1Freq                     0x08002301   Thumb Code    22  stm32f4xx_hal_rcc.o(i.HAL_RCC_GetPCLK1Freq)
    HAL_RCC_GetPCLK2Freq                     0x08002321   Thumb Code    22  stm32f4xx_hal_rcc.o(i.HAL_RCC_GetPCLK2Freq)
    HAL_RCC_GetSysClockFreq                  0x08002341   Thumb Code   162  stm32f4xx_hal_rcc.o(i.HAL_RCC_GetSysClockFreq)
    HAL_RCC_OscConfig                        0x080023f1   Thumb Code  1172  stm32f4xx_hal_rcc.o(i.HAL_RCC_OscConfig)
    HAL_SYSTICK_Config                       0x0800288d   Thumb Code    52  stm32f4xx_hal_cortex.o(i.HAL_SYSTICK_Config)
    HAL_UARTEx_ReceiveToIdle_DMA             0x080028c1   Thumb Code   114  stm32f4xx_hal_uart.o(i.HAL_UARTEx_ReceiveToIdle_DMA)
    HAL_UARTEx_RxEventCallback               0x08002935   Thumb Code    94  bsp_usart.o(i.HAL_UARTEx_RxEventCallback)
    HAL_UART_ErrorCallback                   0x080029ad   Thumb Code     2  stm32f4xx_hal_uart.o(i.HAL_UART_ErrorCallback)
    HAL_UART_IRQHandler                      0x080029b1   Thumb Code   740  stm32f4xx_hal_uart.o(i.HAL_UART_IRQHandler)
    HAL_UART_Init                            0x08002c99   Thumb Code   118  stm32f4xx_hal_uart.o(i.HAL_UART_Init)
    HAL_UART_MspInit                         0x08002d11   Thumb Code   730  usart.o(i.HAL_UART_MspInit)
    HAL_UART_Receive_DMA                     0x08003025   Thumb Code    44  stm32f4xx_hal_uart.o(i.HAL_UART_Receive_DMA)
    HAL_UART_RxCpltCallback                  0x08003051   Thumb Code    32  bsp_usart.o(i.HAL_UART_RxCpltCallback)
    HAL_UART_RxHalfCpltCallback              0x0800307d   Thumb Code     2  stm32f4xx_hal_uart.o(i.HAL_UART_RxHalfCpltCallback)
    HAL_UART_Transmit_DMA                    0x08003081   Thumb Code   128  stm32f4xx_hal_uart.o(i.HAL_UART_Transmit_DMA)
    HAL_UART_TxCpltCallback                  0x0800310d   Thumb Code     2  stm32f4xx_hal_uart.o(i.HAL_UART_TxCpltCallback)
    HAL_UART_TxHalfCpltCallback              0x0800310f   Thumb Code     2  stm32f4xx_hal_uart.o(i.HAL_UART_TxHalfCpltCallback)
    HardFault_Handler                        0x08003111   Thumb Code     4  stm32f4xx_it.o(i.HardFault_Handler)
    MX_CAN1_Init                             0x08003115   Thumb Code    58  can.o(i.MX_CAN1_Init)
    MX_CAN2_Init                             0x08003159   Thumb Code    58  can.o(i.MX_CAN2_Init)
    MX_DMA_Init                              0x0800319d   Thumb Code   130  dma.o(i.MX_DMA_Init)
    MX_FREERTOS_Init                         0x08003225   Thumb Code   200  freertos.o(i.MX_FREERTOS_Init)
    MX_GPIO_Init                             0x08003311   Thumb Code   232  gpio.o(i.MX_GPIO_Init)
    MX_USART1_UART_Init                      0x08003401   Thumb Code    46  usart.o(i.MX_USART1_UART_Init)
    MX_USART3_UART_Init                      0x08003439   Thumb Code    44  usart.o(i.MX_USART3_UART_Init)
    MX_USART6_UART_Init                      0x08003471   Thumb Code    50  usart.o(i.MX_USART6_UART_Init)
    MemManage_Handler                        0x080034ad   Thumb Code     4  stm32f4xx_it.o(i.MemManage_Handler)
    NMI_Handler                              0x080034b1   Thumb Code     4  stm32f4xx_it.o(i.NMI_Handler)
    StartDefaultTask                         0x080034b5   Thumb Code    10  freertos.o(i.StartDefaultTask)
    SysTick_Handler                          0x080034bf   Thumb Code    20  stm32f4xx_it.o(i.SysTick_Handler)
    SystemClock_Config                       0x080034d5   Thumb Code   170  main.o(i.SystemClock_Config)
    SystemInit                               0x08003589   Thumb Code    14  system_stm32f4xx.o(i.SystemInit)
    UART_Start_Receive_DMA                   0x08003b19   Thumb Code   186  stm32f4xx_hal_uart.o(i.UART_Start_Receive_DMA)
    USART1_IRQHandler                        0x08003c41   Thumb Code    10  stm32f4xx_it.o(i.USART1_IRQHandler)
    USART3_IRQHandler                        0x08003c51   Thumb Code    14  stm32f4xx_it.o(i.USART3_IRQHandler)
    USART6_IRQHandler                        0x08003c65   Thumb Code    10  stm32f4xx_it.o(i.USART6_IRQHandler)
    UsageFault_Handler                       0x08003c75   Thumb Code     4  stm32f4xx_it.o(i.UsageFault_Handler)
    __hardfp_fabs                            0x08003cb1   Thumb Code    20  fabs.o(i.__hardfp_fabs)
    append_CRC16_check_sum                   0x08003cc5   Thumb Code    44  crc.o(i.append_CRC16_check_sum)
    append_CRC8_check_sum                    0x08003cf5   Thumb Code    36  crc.o(i.append_CRC8_check_sum)
    can_filter_init                          0x08003d19   Thumb Code    84  bsp_can.o(i.can_filter_init)
    chassis_get_speed                        0x08003d75   Thumb Code   532  chassis_task.o(i.chassis_get_speed)
    chassis_init                             0x08003f9d   Thumb Code    20  chassis_task.o(i.chassis_init)
    chassis_task                             0x08003fb5   Thumb Code   134  chassis_task.o(i.chassis_task)
    crc_sum_check                            0x08004041   Thumb Code    40  wt16c.o(i.crc_sum_check)
    get_CRC16_check_sum                      0x08004069   Thumb Code    46  crc.o(i.get_CRC16_check_sum)
    get_CRC8_check_sum                       0x0800409d   Thumb Code    30  crc.o(i.get_CRC8_check_sum)
    get_U_measure_point                      0x080040c1   Thumb Code     4  can_receive.o(i.get_U_measure_point)
    get_cmd_form_broad_type_a                0x080040c9   Thumb Code    30  can_receive.o(i.get_cmd_form_broad_type_a)
    get_euler_angle_real_point               0x080040ed   Thumb Code     4  wt16c.o(i.get_euler_angle_real_point)
    get_gim_point                            0x080040f5   Thumb Code     4  gimbal_task.o(i.get_gim_point)
    get_left_fric_motor_measure_point        0x080040fd   Thumb Code     4  can_receive.o(i.get_left_fric_motor_measure_point)
    get_pitch_motor_measure_point            0x08004105   Thumb Code     4  can_receive.o(i.get_pitch_motor_measure_point)
    get_rc_ctrl_point                        0x0800410d   Thumb Code     4  dt16_control.o(i.get_rc_ctrl_point)
    get_right_fric_motor_measure_point       0x08004115   Thumb Code     4  can_receive.o(i.get_right_fric_motor_measure_point)
    get_trigger_motor_measure_point          0x0800411d   Thumb Code     4  can_receive.o(i.get_trigger_motor_measure_point)
    get_vision_data_point                    0x08004125   Thumb Code     4  vision_task.o(i.get_vision_data_point)
    get_wt61c_data_point                     0x0800412d   Thumb Code     4  wt16c.o(i.get_wt61c_data_point)
    get_yaw_motor_measure_point              0x08004135   Thumb Code     4  can_receive.o(i.get_yaw_motor_measure_point)
    gimbal_control_current_sent              0x0800413d   Thumb Code    42  gimbal_task.o(i.gimbal_control_current_sent)
    gimbal_control_loop                      0x0800416d   Thumb Code   176  gimbal_task.o(i.gimbal_control_loop)
    gimbal_control_set                       0x08004229   Thumb Code   588  gimbal_task.o(i.gimbal_control_set)
    gimbal_data_feedback                     0x08004495   Thumb Code   348  gimbal_task.o(i.gimbal_data_feedback)
    gimbal_init                              0x08004605   Thumb Code   222  gimbal_task.o(i.gimbal_init)
    gimbal_manual_angle_limit                0x080046f5   Thumb Code   224  gimbal_task.o(i.gimbal_manual_angle_limit)
    gimbal_motor_encode_loop                 0x080047dd   Thumb Code   126  gimbal_task.o(i.gimbal_motor_encode_loop)
    gimbal_motor_imu_loop                    0x0800485b   Thumb Code    80  gimbal_task.o(i.gimbal_motor_imu_loop)
    gimbal_motor_vis_imu_loop                0x080048ab   Thumb Code    80  gimbal_task.o(i.gimbal_motor_vis_imu_loop)
    gimbal_task                              0x080048fd   Thumb Code    76  gimbal_task.o(i.gimbal_task)
    gimbal_vision_angle_limit                0x0800494d   Thumb Code    82  gimbal_task.o(i.gimbal_vision_angle_limit)
    main                                     0x080049a9   Thumb Code    60  main.o(i.main)
    monitor_beat_hook                        0x080049f5   Thumb Code   246  monitor_task.o(i.monitor_beat_hook)
    monitor_device_is_error                  0x08004af1   Thumb Code    26  monitor_task.o(i.monitor_device_is_error)
    monitor_init                             0x08004b11   Thumb Code   246  monitor_task.o(i.monitor_init)
    monitor_task                             0x08004c15   Thumb Code   466  monitor_task.o(i.monitor_task)
    motor_ecd_to_degree                      0x08004df1   Thumb Code    48  gimbal_task.o(i.motor_ecd_to_degree)
    osDelay                                  0x08004e25   Thumb Code    24  cmsis_os.o(i.osDelay)
    osKernelStart                            0x08004e3d   Thumb Code    10  cmsis_os.o(i.osKernelStart)
    osMessageCreate                          0x08004e47   Thumb Code    40  cmsis_os.o(i.osMessageCreate)
    osThreadCreate                           0x08004e6f   Thumb Code    94  cmsis_os.o(i.osThreadCreate)
    pid_calc                                 0x08004ecd   Thumb Code   282  pid.o(i.pid_calc)
    pid_init                                 0x08004fed   Thumb Code    90  pid.o(i.pid_init)
    pid_init_gimbal                          0x0800504d   Thumb Code    56  pid.o(i.pid_init_gimbal)
    pvPortMalloc                             0x08005675   Thumb Code   306  heap_4.o(i.pvPortMalloc)
    pxPortInitialiseStack                    0x080057c1   Thumb Code    38  port.o(i.pxPortInitialiseStack)
    sbus_to_rc                               0x080057ed   Thumb Code   218  dt16_control.o(i.sbus_to_rc)
    shoot_feedback_update                    0x080058c9   Thumb Code   284  shoot_task.o(i.shoot_feedback_update)
    shoot_fric_stop                          0x080059f5   Thumb Code   172  shoot_task.o(i.shoot_fric_stop)
    shoot_init                               0x08005aa9   Thumb Code   206  shoot_task.o(i.shoot_init)
    shoot_mode_set                           0x08005b9d   Thumb Code   462  shoot_task.o(i.shoot_mode_set)
    shoot_single_control                     0x08005d71   Thumb Code   260  shoot_task.o(i.shoot_single_control)
    shoot_task                               0x08005e89   Thumb Code   860  shoot_task.o(i.shoot_task)
    shoot_trigger_motor_turn_back            0x08006209   Thumb Code   202  shoot_task.o(i.shoot_trigger_motor_turn_back)
    usart_init                               0x080062e1   Thumb Code    24  bsp_usart.o(i.usart_init)
    uxListRemove                             0x08006309   Thumb Code    40  list.o(i.uxListRemove)
    vApplicationGetIdleTaskMemory            0x08006331   Thumb Code    14  freertos.o(i.vApplicationGetIdleTaskMemory)
    vListInitialise                          0x08006349   Thumb Code    26  list.o(i.vListInitialise)
    vListInitialiseItem                      0x08006363   Thumb Code     6  list.o(i.vListInitialiseItem)
    vListInsert                              0x08006369   Thumb Code    52  list.o(i.vListInsert)
    vListInsertEnd                           0x0800639d   Thumb Code    24  list.o(i.vListInsertEnd)
    vPortEnterCritical                       0x080063b5   Thumb Code    76  port.o(i.vPortEnterCritical)
    vPortExitCritical                        0x08006409   Thumb Code    56  port.o(i.vPortExitCritical)
    vPortFree                                0x08006445   Thumb Code   150  heap_4.o(i.vPortFree)
    vPortSetupTimerInterrupt                 0x080064e9   Thumb Code    36  port.o(i.vPortSetupTimerInterrupt)
    vPortValidateInterruptPriority           0x08006511   Thumb Code   106  port.o(i.vPortValidateInterruptPriority)
    vTaskDelay                               0x08006589   Thumb Code    82  tasks.o(i.vTaskDelay)
    vTaskInternalSetTimeOutState             0x080065e5   Thumb Code    14  tasks.o(i.vTaskInternalSetTimeOutState)
    vTaskMissedYield                         0x080065fd   Thumb Code     8  tasks.o(i.vTaskMissedYield)
    vTaskPlaceOnEventList                    0x08006609   Thumb Code    52  tasks.o(i.vTaskPlaceOnEventList)
    vTaskStartScheduler                      0x08006641   Thumb Code   146  tasks.o(i.vTaskStartScheduler)
    vTaskSuspendAll                          0x080066f1   Thumb Code    12  tasks.o(i.vTaskSuspendAll)
    vTaskSwitchContext                       0x08006701   Thumb Code   118  tasks.o(i.vTaskSwitchContext)
    verify_CRC16_check_sum                   0x0800678d   Thumb Code    60  crc.o(i.verify_CRC16_check_sum)
    verify_CRC8_check_sum                    0x080067cd   Thumb Code    46  crc.o(i.verify_CRC8_check_sum)
    vision_data_parsed                       0x080067fd   Thumb Code    70  vision_task.o(i.vision_data_parsed)
    vision_data_transmit                     0x08006849   Thumb Code   342  vision_task.o(i.vision_data_transmit)
    vision_send_task                         0x080069ad   Thumb Code    32  vision_task.o(i.vision_send_task)
    vision_task                              0x080069d1   Thumb Code   152  vision_task.o(i.vision_task)
    wt16c_data_process                       0x08006a71   Thumb Code   770  wt16c.o(i.wt16c_data_process)
    wt61c_get_quaternions                    0x08006db1   Thumb Code   322  wt16c.o(i.wt61c_get_quaternions)
    xPortStartScheduler                      0x08006f01   Thumb Code   330  port.o(i.xPortStartScheduler)
    xPortSysTickHandler                      0x08007069   Thumb Code    46  port.o(i.xPortSysTickHandler)
    xQueueGenericCreate                      0x0800709d   Thumb Code    90  queue.o(i.xQueueGenericCreate)
    xQueueGenericCreateStatic                0x080070f7   Thumb Code   224  queue.o(i.xQueueGenericCreateStatic)
    xQueueGenericReset                       0x080071d9   Thumb Code   146  queue.o(i.xQueueGenericReset)
    xQueueGenericSendFromISR                 0x08007271   Thumb Code   252  queue.o(i.xQueueGenericSendFromISR)
    xQueueReceive                            0x0800736d   Thumb Code   356  queue.o(i.xQueueReceive)
    xTaskCheckForTimeOut                     0x080074d5   Thumb Code   132  tasks.o(i.xTaskCheckForTimeOut)
    xTaskCreate                              0x08007561   Thumb Code   100  tasks.o(i.xTaskCreate)
    xTaskCreateStatic                        0x080075c5   Thumb Code   186  tasks.o(i.xTaskCreateStatic)
    xTaskGetSchedulerState                   0x08007681   Thumb Code    24  tasks.o(i.xTaskGetSchedulerState)
    xTaskGetTickCount                        0x080076a1   Thumb Code     6  tasks.o(i.xTaskGetTickCount)
    xTaskIncrementTick                       0x080076ad   Thumb Code   282  tasks.o(i.xTaskIncrementTick)
    xTaskPriorityDisinherit                  0x080077f5   Thumb Code   188  tasks.o(i.xTaskPriorityDisinherit)
    xTaskRemoveFromEventList                 0x080078bd   Thumb Code   128  tasks.o(i.xTaskRemoveFromEventList)
    xTaskResumeAll                           0x08007955   Thumb Code   224  tasks.o(i.xTaskResumeAll)
    __aeabi_d2f                              0x08007a59   Thumb Code     0  d2f_clz.o(x$fpl$d2f)
    _d2f                                     0x08007a59   Thumb Code   700  d2f_clz.o(x$fpl$d2f)
    __aeabi_dadd                             0x08007d1d   Thumb Code     0  daddsub_clz.o(x$fpl$dadd)
    _dadd                                    0x08007d1d   Thumb Code   580  daddsub_clz.o(x$fpl$dadd)
    __fpl_dcmp_Inf                           0x08007f69   Thumb Code    24  dcmpi.o(x$fpl$dcmpinf)
    __aeabi_d2iz                             0x08007f81   Thumb Code     0  dfix.o(x$fpl$dfix)
    _dfix                                    0x08007f81   Thumb Code   192  dfix.o(x$fpl$dfix)
    __aeabi_i2d                              0x08008049   Thumb Code     0  dflt_clz.o(x$fpl$dflt)
    _dflt                                    0x08008049   Thumb Code    46  dflt_clz.o(x$fpl$dflt)
    __dflt_normalise                         0x08008077   Thumb Code    26  dflt_clz.o(x$fpl$dfltn)
    __aeabi_cdcmple                          0x08008091   Thumb Code     0  dleqf.o(x$fpl$dleqf)
    _dcmple                                  0x08008091   Thumb Code   120  dleqf.o(x$fpl$dleqf)
    __fpl_dcmple_InfNaN                      0x080080e9   Thumb Code     0  dleqf.o(x$fpl$dleqf)
    __aeabi_dmul                             0x08008109   Thumb Code     0  dmul_clz.o(x$fpl$dmul)
    _dmul                                    0x08008109   Thumb Code   440  dmul_clz.o(x$fpl$dmul)
    __fpl_dnaninf                            0x080082c9   Thumb Code   258  dnaninf.o(x$fpl$dnaninf)
    __fpl_drenorm2                           0x080083cb   Thumb Code   106  drenorm_clz.o(x$fpl$drenorm)
    __fpl_drenorm1                           0x08008435   Thumb Code     6  drenorm_clz.o(x$fpl$drenorm)
    __fpl_dretinf                            0x0800843b   Thumb Code    12  dretinf.o(x$fpl$dretinf)
    __aeabi_cdrcmple                         0x08008447   Thumb Code     0  drleqf.o(x$fpl$drleqf)
    _drcmple                                 0x08008447   Thumb Code    98  drleqf.o(x$fpl$drleqf)
    __aeabi_dsub                             0x080084a9   Thumb Code     0  daddsub_clz.o(x$fpl$dsub)
    _dsub                                    0x080084a9   Thumb Code   664  daddsub_clz.o(x$fpl$dsub)
    __dunder                                 0x08008745   Thumb Code   314  dunder_clz.o(x$fpl$dunder)
    __dunder_d                               0x0800887f   Thumb Code    64  dunder_clz.o(x$fpl$dunder)
    __fpl_exception                          0x080088c1   Thumb Code   454  except.o(x$fpl$exception)
    __aeabi_f2d                              0x08008aad   Thumb Code     0  f2d.o(x$fpl$f2d)
    _f2d                                     0x08008aad   Thumb Code   122  f2d.o(x$fpl$f2d)
    __fpl_fnaninf                            0x08008b27   Thumb Code   242  fnaninf.o(x$fpl$fnaninf)
    _fp_init                                 0x08008c19   Thumb Code    10  fpinit.o(x$fpl$fpinit)
    __fplib_config_fpu_vfp                   0x08008c21   Thumb Code     0  fpinit.o(x$fpl$fpinit)
    __fplib_config_pureend_doubles           0x08008c21   Thumb Code     0  fpinit.o(x$fpl$fpinit)
    __fpl_fretinf                            0x08008c23   Thumb Code    10  fretinf.o(x$fpl$fretinf)
    __funder                                 0x08008c2d   Thumb Code   254  funder_clz.o(x$fpl$funder)
    __funder_d                               0x08008d2b   Thumb Code    62  funder_clz.o(x$fpl$funder)
    __fpl_return_NaN                         0x08008d69   Thumb Code   178  retnan.o(x$fpl$retnan)
    _fp_trapveneer                           0x08008e1b   Thumb Code    36  trapv.o(x$fpl$trapveneer)
    __fpl_cmpreturn                          0x08008e3f   Thumb Code    90  trapv.o(x$fpl$trapveneer)
    __I$use$fp                               0x08008e98   Number         0  usenofp.o(x$fpl$usenofp)
    AHBPrescTable                            0x08008f74   Data          16  system_stm32f4xx.o(.constdata)
    APBPrescTable                            0x08008f84   Data           8  system_stm32f4xx.o(.constdata)
    CRC8_INIT                                0x08008fd0   Data           1  crc.o(.constdata)
    CRC8_table                               0x08008fd1   Data         256  crc.o(.constdata)
    wCRC_table                               0x080090d2   Data         512  crc.o(.constdata)
    sinTable_f32                             0x080092d4   Data        2052  arm_common_tables.o(.constdata)
    Region$$Table$$Base                      0x08009b30   Number         0  anon$$obj.o(Region$$Table)
    Region$$Table$$Limit                     0x08009b50   Number         0  anon$$obj.o(Region$$Table)
    defaultTaskHandle                        0x20000000   Data           4  freertos.o(.data)
    GimbalTaskHandle                         0x20000004   Data           4  freertos.o(.data)
    ChassisTaskHandle                        0x20000008   Data           4  freertos.o(.data)
    MonitorTaskHandle                        0x2000000c   Data           4  freertos.o(.data)
    VisionTaskHandle                         0x20000010   Data           4  freertos.o(.data)
    VisionSendTaskHandle                     0x20000014   Data           4  freertos.o(.data)
    ShootTaskHandle                          0x20000018   Data           4  freertos.o(.data)
    VisionQueueHandle                        0x2000001c   Data           4  freertos.o(.data)
    uwTick                                   0x20000024   Data           4  stm32f4xx_hal.o(.data)
    uwTickPrio                               0x20000028   Data           4  stm32f4xx_hal.o(.data)
    uwTickFreq                               0x2000002c   Data           1  stm32f4xx_hal.o(.data)
    SystemCoreClock                          0x20000030   Data           4  system_stm32f4xx.o(.data)
    pxCurrentTCB                             0x20000034   Data           4  tasks.o(.data)
    wt61c_rx_buff                            0x2000009c   Data           1  bsp_usart.o(.data)
    zhongduanhz                              0x200000a0   Data           4  bsp_usart.o(.data)
    usart6_rx_buf_pos                        0x200000a4   Data           1  bsp_usart.o(.data)
    usart6_rx_length                         0x200000a5   Data           1  bsp_usart.o(.data)
    wt61c_process_flag                       0x200000a8   Data           1  wt16c.o(.data)
    roll_round                               0x200000ac   Data           4  wt16c.o(.data)
    pitch_round                              0x200000b0   Data           4  wt16c.o(.data)
    yaw_round                                0x200000b4   Data           4  wt16c.o(.data)
    broad_type_a                             0x200000c0   Data           4  can_receive.o(.data)
    can1_send_data                           0x200000c4   Data           8  can_receive.o(.data)
    can2_send_data                           0x200000cc   Data           8  can_receive.o(.data)
    gimbal_control_data                      0x200000d8   Data        1124  gimbal_task.o(.data)
    CRC16_INIT                               0x2000053c   Data           2  crc.o(.data)
    hcan1                                    0x20000794   Data          40  can.o(.bss)
    hcan2                                    0x200007bc   Data          40  can.o(.bss)
    huart1                                   0x200007e4   Data          72  usart.o(.bss)
    huart3                                   0x2000082c   Data          72  usart.o(.bss)
    huart6                                   0x20000874   Data          72  usart.o(.bss)
    hdma_usart1_rx                           0x200008bc   Data          96  usart.o(.bss)
    hdma_usart3_rx                           0x2000091c   Data          96  usart.o(.bss)
    hdma_usart6_rx                           0x2000097c   Data          96  usart.o(.bss)
    hdma_usart6_tx                           0x200009dc   Data          96  usart.o(.bss)
    usart6_rx_buff                           0x2000472c   Data         255  bsp_usart.o(.bss)
    euler_angle                              0x2000482c   Data          12  wt16c.o(.bss)
    wt61c_data                               0x20004838   Data          52  wt16c.o(.bss)
    wt61c_data_buff                          0x2000486c   Data          11  wt16c.o(.bss)
    motor_gimbal_data                        0x20004878   Data          20  can_receive.o(.bss)
    motor_shoot_data                         0x2000488c   Data          30  can_receive.o(.bss)
    can1_tx_message                          0x200048ac   Data          24  can_receive.o(.bss)
    can2_tx_message                          0x200048c4   Data          24  can_receive.o(.bss)
    rc_ctrl                                  0x200048dc   Data          22  dt16_control.o(.bss)
    chssis_control_data                      0x2000493c   Data          24  chassis_task.o(.bss)
    gim_da                                   0x20004954   Data        1124  chassis_task.o(.bss)
    error_list                               0x20004db8   Data         164  monitor_task.o(.bss)
    vision_data                              0x20004e5c   Data          68  vision_task.o(.bss)
    tx_buff                                  0x20004ea0   Data          50  vision_task.o(.bss)
    referee_received_data_buff               0x20004ed2   Data          22  vision_task.o(.bss)
    gim_data                                 0x20004ee8   Data        1124  shoot_task.o(.bss)
    shoot_control_data                       0x2000534c   Data         368  shoot_task.o(.bss)
    __libspace_start                         0x200054bc   Data          96  libspace.o(.bss)
    __temporary_stack_top$libspace           0x2000551c   Data           0  libspace.o(.bss)



==============================================================================

Memory Map of the image

  Image Entry point : 0x08000189

  Load Region LR_IROM1 (Base: 0x08000000, Size: 0x0000a090, Max: 0x00100000, ABSOLUTE, COMPRESSED[0x00009c08])

    Execution Region ER_IROM1 (Exec base: 0x08000000, Load base: 0x08000000, Size: 0x00009b50, Max: 0x00100000, ABSOLUTE)

    Exec Addr    Load Addr    Size         Type   Attr      Idx    E Section Name        Object

    0x08000000   0x08000000   0x00000188   Data   RO            3    RESET               startup_stm32f407xx.o
    0x08000188   0x08000188   0x00000008   Code   RO         4988  * !!!main             c_w.l(__main.o)
    0x08000190   0x08000190   0x00000034   Code   RO         5218    !!!scatter          c_w.l(__scatter.o)
    0x080001c4   0x080001c4   0x0000005a   Code   RO         5216    !!dczerorl2         c_w.l(__dczerorl2.o)
    0x0800021e   0x0800021e   0x00000002   PAD
    0x08000220   0x08000220   0x0000001c   Code   RO         5220    !!handler_zi        c_w.l(__scatter_zi.o)
    0x0800023c   0x0800023c   0x00000002   Code   RO         5086    .ARM.Collect$$libinit$$00000000  c_w.l(libinit.o)
    0x0800023e   0x0800023e   0x00000004   Code   RO         5098    .ARM.Collect$$libinit$$00000001  c_w.l(libinit2.o)
    0x08000242   0x08000242   0x00000000   Code   RO         5101    .ARM.Collect$$libinit$$00000004  c_w.l(libinit2.o)
    0x08000242   0x08000242   0x00000000   Code   RO         5104    .ARM.Collect$$libinit$$0000000A  c_w.l(libinit2.o)
    0x08000242   0x08000242   0x00000000   Code   RO         5106    .ARM.Collect$$libinit$$0000000C  c_w.l(libinit2.o)
    0x08000242   0x08000242   0x00000000   Code   RO         5108    .ARM.Collect$$libinit$$0000000E  c_w.l(libinit2.o)
    0x08000242   0x08000242   0x00000000   Code   RO         5111    .ARM.Collect$$libinit$$00000011  c_w.l(libinit2.o)
    0x08000242   0x08000242   0x00000000   Code   RO         5113    .ARM.Collect$$libinit$$00000013  c_w.l(libinit2.o)
    0x08000242   0x08000242   0x00000000   Code   RO         5115    .ARM.Collect$$libinit$$00000015  c_w.l(libinit2.o)
    0x08000242   0x08000242   0x00000000   Code   RO         5117    .ARM.Collect$$libinit$$00000017  c_w.l(libinit2.o)
    0x08000242   0x08000242   0x00000000   Code   RO         5119    .ARM.Collect$$libinit$$00000019  c_w.l(libinit2.o)
    0x08000242   0x08000242   0x00000000   Code   RO         5121    .ARM.Collect$$libinit$$0000001B  c_w.l(libinit2.o)
    0x08000242   0x08000242   0x00000000   Code   RO         5123    .ARM.Collect$$libinit$$0000001D  c_w.l(libinit2.o)
    0x08000242   0x08000242   0x00000000   Code   RO         5125    .ARM.Collect$$libinit$$0000001F  c_w.l(libinit2.o)
    0x08000242   0x08000242   0x00000000   Code   RO         5127    .ARM.Collect$$libinit$$00000021  c_w.l(libinit2.o)
    0x08000242   0x08000242   0x00000000   Code   RO         5129    .ARM.Collect$$libinit$$00000023  c_w.l(libinit2.o)
    0x08000242   0x08000242   0x00000000   Code   RO         5131    .ARM.Collect$$libinit$$00000025  c_w.l(libinit2.o)
    0x08000242   0x08000242   0x00000000   Code   RO         5135    .ARM.Collect$$libinit$$0000002C  c_w.l(libinit2.o)
    0x08000242   0x08000242   0x00000000   Code   RO         5137    .ARM.Collect$$libinit$$0000002E  c_w.l(libinit2.o)
    0x08000242   0x08000242   0x00000000   Code   RO         5139    .ARM.Collect$$libinit$$00000030  c_w.l(libinit2.o)
    0x08000242   0x08000242   0x00000000   Code   RO         5141    .ARM.Collect$$libinit$$00000032  c_w.l(libinit2.o)
    0x08000242   0x08000242   0x00000002   Code   RO         5142    .ARM.Collect$$libinit$$00000033  c_w.l(libinit2.o)
    0x08000244   0x08000244   0x00000002   Code   RO         5173    .ARM.Collect$$libshutdown$$00000000  c_w.l(libshutdown.o)
    0x08000246   0x08000246   0x00000000   Code   RO         5199    .ARM.Collect$$libshutdown$$00000002  c_w.l(libshutdown2.o)
    0x08000246   0x08000246   0x00000000   Code   RO         5201    .ARM.Collect$$libshutdown$$00000004  c_w.l(libshutdown2.o)
    0x08000246   0x08000246   0x00000000   Code   RO         5204    .ARM.Collect$$libshutdown$$00000007  c_w.l(libshutdown2.o)
    0x08000246   0x08000246   0x00000000   Code   RO         5207    .ARM.Collect$$libshutdown$$0000000A  c_w.l(libshutdown2.o)
    0x08000246   0x08000246   0x00000000   Code   RO         5209    .ARM.Collect$$libshutdown$$0000000C  c_w.l(libshutdown2.o)
    0x08000246   0x08000246   0x00000000   Code   RO         5212    .ARM.Collect$$libshutdown$$0000000F  c_w.l(libshutdown2.o)
    0x08000246   0x08000246   0x00000002   Code   RO         5213    .ARM.Collect$$libshutdown$$00000010  c_w.l(libshutdown2.o)
    0x08000248   0x08000248   0x00000000   Code   RO         5022    .ARM.Collect$$rtentry$$00000000  c_w.l(__rtentry.o)
    0x08000248   0x08000248   0x00000000   Code   RO         5053    .ARM.Collect$$rtentry$$00000002  c_w.l(__rtentry2.o)
    0x08000248   0x08000248   0x00000006   Code   RO         5065    .ARM.Collect$$rtentry$$00000004  c_w.l(__rtentry4.o)
    0x0800024e   0x0800024e   0x00000000   Code   RO         5055    .ARM.Collect$$rtentry$$00000009  c_w.l(__rtentry2.o)
    0x0800024e   0x0800024e   0x00000004   Code   RO         5056    .ARM.Collect$$rtentry$$0000000A  c_w.l(__rtentry2.o)
    0x08000252   0x08000252   0x00000000   Code   RO         5058    .ARM.Collect$$rtentry$$0000000C  c_w.l(__rtentry2.o)
    0x08000252   0x08000252   0x00000008   Code   RO         5059    .ARM.Collect$$rtentry$$0000000D  c_w.l(__rtentry2.o)
    0x0800025a   0x0800025a   0x00000002   Code   RO         5090    .ARM.Collect$$rtexit$$00000000  c_w.l(rtexit.o)
    0x0800025c   0x0800025c   0x00000000   Code   RO         5146    .ARM.Collect$$rtexit$$00000002  c_w.l(rtexit2.o)
    0x0800025c   0x0800025c   0x00000004   Code   RO         5147    .ARM.Collect$$rtexit$$00000003  c_w.l(rtexit2.o)
    0x08000260   0x08000260   0x00000006   Code   RO         5148    .ARM.Collect$$rtexit$$00000004  c_w.l(rtexit2.o)
    0x08000266   0x08000266   0x00000002   PAD
    0x08000268   0x08000268   0x000000be   Code   RO         3663    .emb_text           port.o
    0x08000326   0x08000326   0x00000002   PAD
    0x08000328   0x08000328   0x00000040   Code   RO            4    .text               startup_stm32f407xx.o
    0x08000368   0x08000368   0x00000078   Code   RO         4816    .text               arm_cortexM4lf_math.lib(arm_cos_f32.o)
    0x080003e0   0x080003e0   0x00000074   Code   RO         4869    .text               arm_cortexM4lf_math.lib(arm_sin_f32.o)
    0x08000454   0x08000454   0x000000ee   Code   RO         4974    .text               c_w.l(lludivv7m.o)
    0x08000542   0x08000542   0x0000008a   Code   RO         4976    .text               c_w.l(rt_memcpy_v6.o)
    0x080005cc   0x080005cc   0x00000084   Code   RO         4978    .text               c_w.l(rt_memmove_v6.o)
    0x08000650   0x08000650   0x00000064   Code   RO         4980    .text               c_w.l(rt_memcpy_w.o)
    0x080006b4   0x080006b4   0x0000004e   Code   RO         4984    .text               c_w.l(rt_memclr_w.o)
    0x08000702   0x08000702   0x00000006   Code   RO         4986    .text               c_w.l(heapauxi.o)
    0x08000708   0x08000708   0x0000007a   Code   RO         5027    .text               c_w.l(rt_memmove_w.o)
    0x08000782   0x08000782   0x00000002   PAD
    0x08000784   0x08000784   0x00000030   Code   RO         5069    .text               c_w.l(_fptrap.o)
    0x080007b4   0x080007b4   0x0000004a   Code   RO         5073    .text               c_w.l(sys_stackheap_outer.o)
    0x080007fe   0x080007fe   0x00000012   Code   RO         5075    .text               c_w.l(exit.o)
    0x08000810   0x08000810   0x0000000e   Code   RO         5077    .text               c_w.l(defsig_fpe_outer.o)
    0x0800081e   0x0800081e   0x00000002   PAD
    0x08000820   0x08000820   0x00000008   Code   RO         5087    .text               c_w.l(libspace.o)
    0x08000828   0x08000828   0x0000000a   Code   RO         5094    .text               c_w.l(defsig_exit.o)
    0x08000832   0x08000832   0x00000002   PAD
    0x08000834   0x08000834   0x000000ac   Code   RO         5096    .text               c_w.l(defsig_fpe_inner.o)
    0x080008e0   0x080008e0   0x0000000c   Code   RO         5143    .text               c_w.l(sys_exit.o)
    0x080008ec   0x080008ec   0x00000032   Code   RO         5154    .text               c_w.l(defsig_general.o)
    0x0800091e   0x0800091e   0x0000000e   Code   RO         5160    .text               c_w.l(sys_wrch.o)
    0x0800092c   0x0800092c   0x00000002   Code   RO         5162    .text               c_w.l(use_no_semi.o)
    0x0800092e   0x0800092e   0x00000000   Code   RO         5164    .text               c_w.l(indicate_semi.o)
    0x0800092e   0x0800092e   0x00000004   Code   RO          415    i.BusFault_Handler  stm32f4xx_it.o
    0x08000932   0x08000932   0x00000002   PAD
    0x08000934   0x08000934   0x00000010   Code   RO          416    i.CAN1_RX0_IRQHandler  stm32f4xx_it.o
    0x08000944   0x08000944   0x00000010   Code   RO          417    i.CAN2_RX0_IRQHandler  stm32f4xx_it.o
    0x08000954   0x08000954   0x00000054   Code   RO         3999    i.CAN_cmd_chassis   can_receive.o
    0x080009a8   0x080009a8   0x0000004c   Code   RO         4000    i.CAN_cmd_gimbal    can_receive.o
    0x080009f4   0x080009f4   0x00000050   Code   RO         4001    i.CAN_cmd_shoot     can_receive.o
    0x08000a44   0x08000a44   0x00000010   Code   RO          418    i.DMA1_Stream1_IRQHandler  stm32f4xx_it.o
    0x08000a54   0x08000a54   0x00000010   Code   RO          419    i.DMA2_Stream1_IRQHandler  stm32f4xx_it.o
    0x08000a64   0x08000a64   0x00000010   Code   RO          420    i.DMA2_Stream5_IRQHandler  stm32f4xx_it.o
    0x08000a74   0x08000a74   0x00000010   Code   RO          421    i.DMA2_Stream6_IRQHandler  stm32f4xx_it.o
    0x08000a84   0x08000a84   0x00000034   Code   RO         1295    i.DMA_CalcBaseAndBitshift  stm32f4xx_hal_dma.o
    0x08000ab8   0x08000ab8   0x000000aa   Code   RO         1296    i.DMA_CheckFifoParam  stm32f4xx_hal_dma.o
    0x08000b62   0x08000b62   0x0000002c   Code   RO         1297    i.DMA_SetConfig     stm32f4xx_hal_dma.o
    0x08000b8e   0x08000b8e   0x00000002   PAD
    0x08000b90   0x08000b90   0x00000014   Code   RO         4091    i.DT16_control_init  dt16_control.o
    0x08000ba4   0x08000ba4   0x0000009c   Code   RO         3906    i.DT16_init         bsp_dt16.o
    0x08000c40   0x08000c40   0x00000130   Code   RO         4092    i.DT16_usart3_to_rc_data  dt16_control.o
    0x08000d70   0x08000d70   0x00000002   Code   RO          422    i.DebugMon_Handler  stm32f4xx_it.o
    0x08000d72   0x08000d72   0x00000006   Code   RO           13    i.Error_Handler     main.o
    0x08000d78   0x08000d78   0x0000002a   Code   RO          558    i.HAL_CAN_ActivateNotification  stm32f4xx_hal_can.o
    0x08000da2   0x08000da2   0x0000014a   Code   RO          559    i.HAL_CAN_AddTxMessage  stm32f4xx_hal_can.o
    0x08000eec   0x08000eec   0x00000124   Code   RO          560    i.HAL_CAN_ConfigFilter  stm32f4xx_hal_can.o
    0x08001010   0x08001010   0x00000002   Code   RO          563    i.HAL_CAN_ErrorCallback  stm32f4xx_hal_can.o
    0x08001012   0x08001012   0x00000194   Code   RO          566    i.HAL_CAN_GetRxMessage  stm32f4xx_hal_can.o
    0x080011a6   0x080011a6   0x0000024e   Code   RO          570    i.HAL_CAN_IRQHandler  stm32f4xx_hal_can.o
    0x080013f4   0x080013f4   0x00000174   Code   RO          571    i.HAL_CAN_Init      stm32f4xx_hal_can.o
    0x08001568   0x08001568   0x00000160   Code   RO          289    i.HAL_CAN_MspInit   can.o
    0x080016c8   0x080016c8   0x00000002   Code   RO          578    i.HAL_CAN_RxFifo0FullCallback  stm32f4xx_hal_can.o
    0x080016ca   0x080016ca   0x00000002   PAD
    0x080016cc   0x080016cc   0x000001d0   Code   RO         4002    i.HAL_CAN_RxFifo0MsgPendingCallback  can_receive.o
    0x0800189c   0x0800189c   0x00000002   Code   RO          580    i.HAL_CAN_RxFifo1FullCallback  stm32f4xx_hal_can.o
    0x0800189e   0x0800189e   0x00000002   Code   RO          581    i.HAL_CAN_RxFifo1MsgPendingCallback  stm32f4xx_hal_can.o
    0x080018a0   0x080018a0   0x00000002   Code   RO          582    i.HAL_CAN_SleepCallback  stm32f4xx_hal_can.o
    0x080018a2   0x080018a2   0x0000005e   Code   RO          583    i.HAL_CAN_Start     stm32f4xx_hal_can.o
    0x08001900   0x08001900   0x00000002   Code   RO          585    i.HAL_CAN_TxMailbox0AbortCallback  stm32f4xx_hal_can.o
    0x08001902   0x08001902   0x00000002   Code   RO          586    i.HAL_CAN_TxMailbox0CompleteCallback  stm32f4xx_hal_can.o
    0x08001904   0x08001904   0x00000002   Code   RO          587    i.HAL_CAN_TxMailbox1AbortCallback  stm32f4xx_hal_can.o
    0x08001906   0x08001906   0x00000002   Code   RO          588    i.HAL_CAN_TxMailbox1CompleteCallback  stm32f4xx_hal_can.o
    0x08001908   0x08001908   0x00000002   Code   RO          589    i.HAL_CAN_TxMailbox2AbortCallback  stm32f4xx_hal_can.o
    0x0800190a   0x0800190a   0x00000002   Code   RO          590    i.HAL_CAN_TxMailbox2CompleteCallback  stm32f4xx_hal_can.o
    0x0800190c   0x0800190c   0x00000002   Code   RO          592    i.HAL_CAN_WakeUpFromRxMsgCallback  stm32f4xx_hal_can.o
    0x0800190e   0x0800190e   0x000000ac   Code   RO         1298    i.HAL_DMA_Abort     stm32f4xx_hal_dma.o
    0x080019ba   0x080019ba   0x00000028   Code   RO         1299    i.HAL_DMA_Abort_IT  stm32f4xx_hal_dma.o
    0x080019e2   0x080019e2   0x00000002   PAD
    0x080019e4   0x080019e4   0x00000240   Code   RO         1303    i.HAL_DMA_IRQHandler  stm32f4xx_hal_dma.o
    0x08001c24   0x08001c24   0x000000ec   Code   RO         1304    i.HAL_DMA_Init      stm32f4xx_hal_dma.o
    0x08001d10   0x08001d10   0x00000092   Code   RO         1308    i.HAL_DMA_Start_IT  stm32f4xx_hal_dma.o
    0x08001da2   0x08001da2   0x00000002   PAD
    0x08001da4   0x08001da4   0x000001f4   Code   RO         1191    i.HAL_GPIO_Init     stm32f4xx_hal_gpio.o
    0x08001f98   0x08001f98   0x0000000c   Code   RO         1195    i.HAL_GPIO_WritePin  stm32f4xx_hal_gpio.o
    0x08001fa4   0x08001fa4   0x0000000c   Code   RO         1734    i.HAL_GetTick       stm32f4xx_hal.o
    0x08001fb0   0x08001fb0   0x00000018   Code   RO         1740    i.HAL_IncTick       stm32f4xx_hal.o
    0x08001fc8   0x08001fc8   0x0000003c   Code   RO         1741    i.HAL_Init          stm32f4xx_hal.o
    0x08002004   0x08002004   0x0000004c   Code   RO         1742    i.HAL_InitTick      stm32f4xx_hal.o
    0x08002050   0x08002050   0x00000054   Code   RO          533    i.HAL_MspInit       stm32f4xx_hal_msp.o
    0x080020a4   0x080020a4   0x00000028   Code   RO         1581    i.HAL_NVIC_EnableIRQ  stm32f4xx_hal_cortex.o
    0x080020cc   0x080020cc   0x0000007c   Code   RO         1587    i.HAL_NVIC_SetPriority  stm32f4xx_hal_cortex.o
    0x08002148   0x08002148   0x00000028   Code   RO         1588    i.HAL_NVIC_SetPriorityGrouping  stm32f4xx_hal_cortex.o
    0x08002170   0x08002170   0x00000184   Code   RO          792    i.HAL_RCC_ClockConfig  stm32f4xx_hal_rcc.o
    0x080022f4   0x080022f4   0x0000000c   Code   RO          797    i.HAL_RCC_GetHCLKFreq  stm32f4xx_hal_rcc.o
    0x08002300   0x08002300   0x00000020   Code   RO          799    i.HAL_RCC_GetPCLK1Freq  stm32f4xx_hal_rcc.o
    0x08002320   0x08002320   0x00000020   Code   RO          800    i.HAL_RCC_GetPCLK2Freq  stm32f4xx_hal_rcc.o
    0x08002340   0x08002340   0x000000b0   Code   RO          801    i.HAL_RCC_GetSysClockFreq  stm32f4xx_hal_rcc.o
    0x080023f0   0x080023f0   0x0000049c   Code   RO          804    i.HAL_RCC_OscConfig  stm32f4xx_hal_rcc.o
    0x0800288c   0x0800288c   0x00000034   Code   RO         1592    i.HAL_SYSTICK_Config  stm32f4xx_hal_cortex.o
    0x080028c0   0x080028c0   0x00000072   Code   RO         2025    i.HAL_UARTEx_ReceiveToIdle_DMA  stm32f4xx_hal_uart.o
    0x08002932   0x08002932   0x00000002   PAD
    0x08002934   0x08002934   0x00000078   Code   RO         3743    i.HAL_UARTEx_RxEventCallback  bsp_usart.o
    0x080029ac   0x080029ac   0x00000002   Code   RO         2041    i.HAL_UART_ErrorCallback  stm32f4xx_hal_uart.o
    0x080029ae   0x080029ae   0x00000002   PAD
    0x080029b0   0x080029b0   0x000002e8   Code   RO         2044    i.HAL_UART_IRQHandler  stm32f4xx_hal_uart.o
    0x08002c98   0x08002c98   0x00000076   Code   RO         2045    i.HAL_UART_Init     stm32f4xx_hal_uart.o
    0x08002d0e   0x08002d0e   0x00000002   PAD
    0x08002d10   0x08002d10   0x00000314   Code   RO          362    i.HAL_UART_MspInit  usart.o
    0x08003024   0x08003024   0x0000002c   Code   RO         2049    i.HAL_UART_Receive_DMA  stm32f4xx_hal_uart.o
    0x08003050   0x08003050   0x0000002c   Code   RO         3744    i.HAL_UART_RxCpltCallback  bsp_usart.o
    0x0800307c   0x0800307c   0x00000002   Code   RO         2052    i.HAL_UART_RxHalfCpltCallback  stm32f4xx_hal_uart.o
    0x0800307e   0x0800307e   0x00000002   PAD
    0x08003080   0x08003080   0x0000008c   Code   RO         2054    i.HAL_UART_Transmit_DMA  stm32f4xx_hal_uart.o
    0x0800310c   0x0800310c   0x00000002   Code   RO         2056    i.HAL_UART_TxCpltCallback  stm32f4xx_hal_uart.o
    0x0800310e   0x0800310e   0x00000002   Code   RO         2057    i.HAL_UART_TxHalfCpltCallback  stm32f4xx_hal_uart.o
    0x08003110   0x08003110   0x00000004   Code   RO          423    i.HardFault_Handler  stm32f4xx_it.o
    0x08003114   0x08003114   0x00000044   Code   RO          290    i.MX_CAN1_Init      can.o
    0x08003158   0x08003158   0x00000044   Code   RO          291    i.MX_CAN2_Init      can.o
    0x0800319c   0x0800319c   0x00000088   Code   RO          337    i.MX_DMA_Init       dma.o
    0x08003224   0x08003224   0x000000ec   Code   RO          238    i.MX_FREERTOS_Init  freertos.o
    0x08003310   0x08003310   0x000000f0   Code   RO          214    i.MX_GPIO_Init      gpio.o
    0x08003400   0x08003400   0x00000038   Code   RO          363    i.MX_USART1_UART_Init  usart.o
    0x08003438   0x08003438   0x00000038   Code   RO          364    i.MX_USART3_UART_Init  usart.o
    0x08003470   0x08003470   0x0000003c   Code   RO          365    i.MX_USART6_UART_Init  usart.o
    0x080034ac   0x080034ac   0x00000004   Code   RO          424    i.MemManage_Handler  stm32f4xx_it.o
    0x080034b0   0x080034b0   0x00000004   Code   RO          425    i.NMI_Handler       stm32f4xx_it.o
    0x080034b4   0x080034b4   0x0000000a   Code   RO          239    i.StartDefaultTask  freertos.o
    0x080034be   0x080034be   0x00000014   Code   RO          426    i.SysTick_Handler   stm32f4xx_it.o
    0x080034d2   0x080034d2   0x00000002   PAD
    0x080034d4   0x080034d4   0x000000b4   Code   RO           14    i.SystemClock_Config  main.o
    0x08003588   0x08003588   0x00000014   Code   RO         2389    i.SystemInit        system_stm32f4xx.o
    0x0800359c   0x0800359c   0x00000014   Code   RO         2058    i.UART_DMAAbortOnError  stm32f4xx_hal_uart.o
    0x080035b0   0x080035b0   0x00000050   Code   RO         2059    i.UART_DMAError     stm32f4xx_hal_uart.o
    0x08003600   0x08003600   0x000000b4   Code   RO         2060    i.UART_DMAReceiveCplt  stm32f4xx_hal_uart.o
    0x080036b4   0x080036b4   0x00000024   Code   RO         2062    i.UART_DMARxHalfCplt  stm32f4xx_hal_uart.o
    0x080036d8   0x080036d8   0x00000058   Code   RO         2064    i.UART_DMATransmitCplt  stm32f4xx_hal_uart.o
    0x08003730   0x08003730   0x0000000e   Code   RO         2066    i.UART_DMATxHalfCplt  stm32f4xx_hal_uart.o
    0x0800373e   0x0800373e   0x0000006c   Code   RO         2068    i.UART_EndRxTransfer  stm32f4xx_hal_uart.o
    0x080037aa   0x080037aa   0x00000020   Code   RO         2069    i.UART_EndTransmit_IT  stm32f4xx_hal_uart.o
    0x080037ca   0x080037ca   0x00000026   Code   RO         2070    i.UART_EndTxTransfer  stm32f4xx_hal_uart.o
    0x080037f0   0x080037f0   0x000000fc   Code   RO         2071    i.UART_Receive_IT   stm32f4xx_hal_uart.o
    0x080038ec   0x080038ec   0x0000022c   Code   RO         2072    i.UART_SetConfig    stm32f4xx_hal_uart.o
    0x08003b18   0x08003b18   0x000000c8   Code   RO         2073    i.UART_Start_Receive_DMA  stm32f4xx_hal_uart.o
    0x08003be0   0x08003be0   0x00000060   Code   RO         2075    i.UART_Transmit_IT  stm32f4xx_hal_uart.o
    0x08003c40   0x08003c40   0x00000010   Code   RO          427    i.USART1_IRQHandler  stm32f4xx_it.o
    0x08003c50   0x08003c50   0x00000014   Code   RO          428    i.USART3_IRQHandler  stm32f4xx_it.o
    0x08003c64   0x08003c64   0x00000010   Code   RO          429    i.USART6_IRQHandler  stm32f4xx_it.o
    0x08003c74   0x08003c74   0x00000004   Code   RO          430    i.UsageFault_Handler  stm32f4xx_it.o
    0x08003c78   0x08003c78   0x00000010   Code   RO         1594    i.__NVIC_GetPriorityGrouping  stm32f4xx_hal_cortex.o
    0x08003c88   0x08003c88   0x00000028   Code   RO         1595    i.__NVIC_SetPriority  stm32f4xx_hal_cortex.o
    0x08003cb0   0x08003cb0   0x00000014   Code   RO         5016    i.__hardfp_fabs     m_wm.l(fabs.o)
    0x08003cc4   0x08003cc4   0x00000030   Code   RO         4755    i.append_CRC16_check_sum  crc.o
    0x08003cf4   0x08003cf4   0x00000024   Code   RO         4756    i.append_CRC8_check_sum  crc.o
    0x08003d18   0x08003d18   0x0000005c   Code   RO         3878    i.can_filter_init   bsp_can.o
    0x08003d74   0x08003d74   0x00000228   Code   RO         4275    i.chassis_get_speed  chassis_task.o
    0x08003f9c   0x08003f9c   0x00000018   Code   RO         4276    i.chassis_init      chassis_task.o
    0x08003fb4   0x08003fb4   0x0000008c   Code   RO         4277    i.chassis_task      chassis_task.o
    0x08004040   0x08004040   0x00000028   Code   RO         3934    i.crc_sum_check     wt16c.o
    0x08004068   0x08004068   0x00000034   Code   RO         4757    i.get_CRC16_check_sum  crc.o
    0x0800409c   0x0800409c   0x00000024   Code   RO         4758    i.get_CRC8_check_sum  crc.o
    0x080040c0   0x080040c0   0x00000008   Code   RO         4003    i.get_U_measure_point  can_receive.o
    0x080040c8   0x080040c8   0x00000024   Code   RO         4004    i.get_cmd_form_broad_type_a  can_receive.o
    0x080040ec   0x080040ec   0x00000008   Code   RO         3935    i.get_euler_angle_real_point  wt16c.o
    0x080040f4   0x080040f4   0x00000008   Code   RO         4144    i.get_gim_point     gimbal_task.o
    0x080040fc   0x080040fc   0x00000008   Code   RO         4005    i.get_left_fric_motor_measure_point  can_receive.o
    0x08004104   0x08004104   0x00000008   Code   RO         4006    i.get_pitch_motor_measure_point  can_receive.o
    0x0800410c   0x0800410c   0x00000008   Code   RO         4093    i.get_rc_ctrl_point  dt16_control.o
    0x08004114   0x08004114   0x00000008   Code   RO         4007    i.get_right_fric_motor_measure_point  can_receive.o
    0x0800411c   0x0800411c   0x00000008   Code   RO         4008    i.get_trigger_motor_measure_point  can_receive.o
    0x08004124   0x08004124   0x00000008   Code   RO         4521    i.get_vision_data_point  vision_task.o
    0x0800412c   0x0800412c   0x00000008   Code   RO         3936    i.get_wt61c_data_point  wt16c.o
    0x08004134   0x08004134   0x00000008   Code   RO         4009    i.get_yaw_motor_measure_point  can_receive.o
    0x0800413c   0x0800413c   0x00000030   Code   RO         4145    i.gimbal_control_current_sent  gimbal_task.o
    0x0800416c   0x0800416c   0x000000bc   Code   RO         4146    i.gimbal_control_loop  gimbal_task.o
    0x08004228   0x08004228   0x0000026c   Code   RO         4147    i.gimbal_control_set  gimbal_task.o
    0x08004494   0x08004494   0x00000170   Code   RO         4148    i.gimbal_data_feedback  gimbal_task.o
    0x08004604   0x08004604   0x000000f0   Code   RO         4149    i.gimbal_init       gimbal_task.o
    0x080046f4   0x080046f4   0x000000e8   Code   RO         4150    i.gimbal_manual_angle_limit  gimbal_task.o
    0x080047dc   0x080047dc   0x0000007e   Code   RO         4151    i.gimbal_motor_encode_loop  gimbal_task.o
    0x0800485a   0x0800485a   0x00000050   Code   RO         4152    i.gimbal_motor_imu_loop  gimbal_task.o
    0x080048aa   0x080048aa   0x00000050   Code   RO         4154    i.gimbal_motor_vis_imu_loop  gimbal_task.o
    0x080048fa   0x080048fa   0x00000002   PAD
    0x080048fc   0x080048fc   0x00000050   Code   RO         4155    i.gimbal_task       gimbal_task.o
    0x0800494c   0x0800494c   0x0000005c   Code   RO         4156    i.gimbal_vision_angle_limit  gimbal_task.o
    0x080049a8   0x080049a8   0x0000003c   Code   RO           15    i.main              main.o
    0x080049e4   0x080049e4   0x0000000e   Code   RO         3229    i.makeFreeRtosPriority  cmsis_os.o
    0x080049f2   0x080049f2   0x00000002   PAD
    0x080049f4   0x080049f4   0x000000fc   Code   RO         4474    i.monitor_beat_hook  monitor_task.o
    0x08004af0   0x08004af0   0x00000020   Code   RO         4475    i.monitor_device_is_error  monitor_task.o
    0x08004b10   0x08004b10   0x00000104   Code   RO         4477    i.monitor_init      monitor_task.o
    0x08004c14   0x08004c14   0x000001dc   Code   RO         4478    i.monitor_task      monitor_task.o
    0x08004df0   0x08004df0   0x00000034   Code   RO         4157    i.motor_ecd_to_degree  gimbal_task.o
    0x08004e24   0x08004e24   0x00000018   Code   RO         3231    i.osDelay           cmsis_os.o
    0x08004e3c   0x08004e3c   0x0000000a   Code   RO         3234    i.osKernelStart     cmsis_os.o
    0x08004e46   0x08004e46   0x00000028   Code   RO         3243    i.osMessageCreate   cmsis_os.o
    0x08004e6e   0x08004e6e   0x0000005e   Code   RO         3268    i.osThreadCreate    cmsis_os.o
    0x08004ecc   0x08004ecc   0x00000120   Code   RO         4659    i.pid_calc          pid.o
    0x08004fec   0x08004fec   0x00000060   Code   RO         4660    i.pid_init          pid.o
    0x0800504c   0x0800504c   0x0000003c   Code   RO         4662    i.pid_init_gimbal   pid.o
    0x08005088   0x08005088   0x00000098   Code   RO         2900    i.prvAddCurrentTaskToDelayedList  tasks.o
    0x08005120   0x08005120   0x000000b4   Code   RO         2901    i.prvAddNewTaskToReadyList  tasks.o
    0x080051d4   0x080051d4   0x00000048   Code   RO         2902    i.prvCheckTasksWaitingTermination  tasks.o
    0x0800521c   0x0800521c   0x0000002a   Code   RO         2566    i.prvCopyDataFromQueue  queue.o
    0x08005246   0x08005246   0x0000007e   Code   RO         2567    i.prvCopyDataToQueue  queue.o
    0x080052c4   0x080052c4   0x00000050   Code   RO         2903    i.prvDeleteTCB      tasks.o
    0x08005314   0x08005314   0x0000007c   Code   RO         3596    i.prvHeapInit       heap_4.o
    0x08005390   0x08005390   0x00000028   Code   RO         2904    i.prvIdleTask       tasks.o
    0x080053b8   0x080053b8   0x00000026   Code   RO         2570    i.prvInitialiseNewQueue  queue.o
    0x080053de   0x080053de   0x000000b4   Code   RO         2905    i.prvInitialiseNewTask  tasks.o
    0x08005492   0x08005492   0x00000002   PAD
    0x08005494   0x08005494   0x00000068   Code   RO         2906    i.prvInitialiseTaskLists  tasks.o
    0x080054fc   0x080054fc   0x00000068   Code   RO         3597    i.prvInsertBlockIntoFreeList  heap_4.o
    0x08005564   0x08005564   0x0000001a   Code   RO         2571    i.prvIsQueueEmpty   queue.o
    0x0800557e   0x0800557e   0x00000002   PAD
    0x08005580   0x08005580   0x00000034   Code   RO         2907    i.prvResetNextTaskUnblockTime  tasks.o
    0x080055b4   0x080055b4   0x00000040   Code   RO         3664    i.prvTaskExitError  port.o
    0x080055f4   0x080055f4   0x0000007e   Code   RO         2573    i.prvUnlockQueue    queue.o
    0x08005672   0x08005672   0x00000002   PAD
    0x08005674   0x08005674   0x0000014c   Code   RO         3598    i.pvPortMalloc      heap_4.o
    0x080057c0   0x080057c0   0x0000002c   Code   RO         3665    i.pxPortInitialiseStack  port.o
    0x080057ec   0x080057ec   0x000000da   Code   RO         4094    i.sbus_to_rc        dt16_control.o
    0x080058c6   0x080058c6   0x00000002   PAD
    0x080058c8   0x080058c8   0x0000012c   Code   RO         4583    i.shoot_feedback_update  shoot_task.o
    0x080059f4   0x080059f4   0x000000b4   Code   RO         4584    i.shoot_fric_stop   shoot_task.o
    0x08005aa8   0x08005aa8   0x000000f4   Code   RO         4585    i.shoot_init        shoot_task.o
    0x08005b9c   0x08005b9c   0x000001d4   Code   RO         4586    i.shoot_mode_set    shoot_task.o
    0x08005d70   0x08005d70   0x00000118   Code   RO         4587    i.shoot_single_control  shoot_task.o
    0x08005e88   0x08005e88   0x00000380   Code   RO         4588    i.shoot_task        shoot_task.o
    0x08006208   0x08006208   0x000000d8   Code   RO         4589    i.shoot_trigger_motor_turn_back  shoot_task.o
    0x080062e0   0x080062e0   0x00000028   Code   RO         3745    i.usart_init        bsp_usart.o
    0x08006308   0x08006308   0x00000028   Code   RO         2526    i.uxListRemove      list.o
    0x08006330   0x08006330   0x00000018   Code   RO          240    i.vApplicationGetIdleTaskMemory  freertos.o
    0x08006348   0x08006348   0x0000001a   Code   RO         2527    i.vListInitialise   list.o
    0x08006362   0x08006362   0x00000006   Code   RO         2528    i.vListInitialiseItem  list.o
    0x08006368   0x08006368   0x00000034   Code   RO         2529    i.vListInsert       list.o
    0x0800639c   0x0800639c   0x00000018   Code   RO         2530    i.vListInsertEnd    list.o
    0x080063b4   0x080063b4   0x00000054   Code   RO         3667    i.vPortEnterCritical  port.o
    0x08006408   0x08006408   0x0000003c   Code   RO         3668    i.vPortExitCritical  port.o
    0x08006444   0x08006444   0x000000a4   Code   RO         3599    i.vPortFree         heap_4.o
    0x080064e8   0x080064e8   0x00000028   Code   RO         3669    i.vPortSetupTimerInterrupt  port.o
    0x08006510   0x08006510   0x00000078   Code   RO         3670    i.vPortValidateInterruptPriority  port.o
    0x08006588   0x08006588   0x0000005c   Code   RO         2916    i.vTaskDelay        tasks.o
    0x080065e4   0x080065e4   0x00000018   Code   RO         2919    i.vTaskInternalSetTimeOutState  tasks.o
    0x080065fc   0x080065fc   0x0000000c   Code   RO         2920    i.vTaskMissedYield  tasks.o
    0x08006608   0x08006608   0x00000038   Code   RO         2922    i.vTaskPlaceOnEventList  tasks.o
    0x08006640   0x08006640   0x000000b0   Code   RO         2929    i.vTaskStartScheduler  tasks.o
    0x080066f0   0x080066f0   0x00000010   Code   RO         2931    i.vTaskSuspendAll   tasks.o
    0x08006700   0x08006700   0x0000008c   Code   RO         2932    i.vTaskSwitchContext  tasks.o
    0x0800678c   0x0800678c   0x00000040   Code   RO         4759    i.verify_CRC16_check_sum  crc.o
    0x080067cc   0x080067cc   0x0000002e   Code   RO         4760    i.verify_CRC8_check_sum  crc.o
    0x080067fa   0x080067fa   0x00000002   PAD
    0x080067fc   0x080067fc   0x0000004c   Code   RO         4522    i.vision_data_parsed  vision_task.o
    0x08006848   0x08006848   0x00000164   Code   RO         4523    i.vision_data_transmit  vision_task.o
    0x080069ac   0x080069ac   0x00000024   Code   RO         4524    i.vision_send_task  vision_task.o
    0x080069d0   0x080069d0   0x000000a0   Code   RO         4525    i.vision_task       vision_task.o
    0x08006a70   0x08006a70   0x00000340   Code   RO         3937    i.wt16c_data_process  wt16c.o
    0x08006db0   0x08006db0   0x00000150   Code   RO         3938    i.wt61c_get_quaternions  wt16c.o
    0x08006f00   0x08006f00   0x00000168   Code   RO         3671    i.xPortStartScheduler  port.o
    0x08007068   0x08007068   0x00000034   Code   RO         3672    i.xPortSysTickHandler  port.o
    0x0800709c   0x0800709c   0x0000005a   Code   RO         2582    i.xQueueGenericCreate  queue.o
    0x080070f6   0x080070f6   0x000000e0   Code   RO         2583    i.xQueueGenericCreateStatic  queue.o
    0x080071d6   0x080071d6   0x00000002   PAD
    0x080071d8   0x080071d8   0x00000098   Code   RO         2584    i.xQueueGenericReset  queue.o
    0x08007270   0x08007270   0x000000fc   Code   RO         2586    i.xQueueGenericSendFromISR  queue.o
    0x0800736c   0x0800736c   0x00000168   Code   RO         2592    i.xQueueReceive     queue.o
    0x080074d4   0x080074d4   0x0000008c   Code   RO         2934    i.xTaskCheckForTimeOut  tasks.o
    0x08007560   0x08007560   0x00000064   Code   RO         2935    i.xTaskCreate       tasks.o
    0x080075c4   0x080075c4   0x000000ba   Code   RO         2936    i.xTaskCreateStatic  tasks.o
    0x0800767e   0x0800767e   0x00000002   PAD
    0x08007680   0x08007680   0x00000020   Code   RO         2940    i.xTaskGetSchedulerState  tasks.o
    0x080076a0   0x080076a0   0x0000000c   Code   RO         2941    i.xTaskGetTickCount  tasks.o
    0x080076ac   0x080076ac   0x00000148   Code   RO         2943    i.xTaskIncrementTick  tasks.o
    0x080077f4   0x080077f4   0x000000c8   Code   RO         2946    i.xTaskPriorityDisinherit  tasks.o
    0x080078bc   0x080078bc   0x00000098   Code   RO         2948    i.xTaskRemoveFromEventList  tasks.o
    0x08007954   0x08007954   0x00000104   Code   RO         2949    i.xTaskResumeAll    tasks.o
    0x08007a58   0x08007a58   0x000002c4   Code   RO         4990    x$fpl$d2f           g_wm.l(d2f_clz.o)
    0x08007d1c   0x08007d1c   0x0000024c   Code   RO         4992    x$fpl$dadd          g_wm.l(daddsub_clz.o)
    0x08007f68   0x08007f68   0x00000018   Code   RO         5031    x$fpl$dcmpinf       g_wm.l(dcmpi.o)
    0x08007f80   0x08007f80   0x000000c8   Code   RO         4998    x$fpl$dfix          g_wm.l(dfix.o)
    0x08008048   0x08008048   0x0000002e   Code   RO         5003    x$fpl$dflt          g_wm.l(dflt_clz.o)
    0x08008076   0x08008076   0x0000001a   Code   RO         5004    x$fpl$dfltn         g_wm.l(dflt_clz.o)
    0x08008090   0x08008090   0x00000078   Code   RO         5008    x$fpl$dleqf         g_wm.l(dleqf.o)
    0x08008108   0x08008108   0x000001c0   Code   RO         5010    x$fpl$dmul          g_wm.l(dmul_clz.o)
    0x080082c8   0x080082c8   0x00000102   Code   RO         5033    x$fpl$dnaninf       g_wm.l(dnaninf.o)
    0x080083ca   0x080083ca   0x00000070   Code   RO         5035    x$fpl$drenorm       g_wm.l(drenorm_clz.o)
    0x0800843a   0x0800843a   0x0000000c   Code   RO         5037    x$fpl$dretinf       g_wm.l(dretinf.o)
    0x08008446   0x08008446   0x00000062   Code   RO         5012    x$fpl$drleqf        g_wm.l(drleqf.o)
    0x080084a8   0x080084a8   0x0000029c   Code   RO         4994    x$fpl$dsub          g_wm.l(daddsub_clz.o)
    0x08008744   0x08008744   0x0000017a   Code   RO         5039    x$fpl$dunder        g_wm.l(dunder_clz.o)
    0x080088be   0x080088be   0x00000002   PAD
    0x080088c0   0x080088c0   0x000001ec   Code   RO         5041    x$fpl$exception     g_wm.l(except.o)
    0x08008aac   0x08008aac   0x0000007a   Code   RO         5014    x$fpl$f2d           g_wm.l(f2d.o)
    0x08008b26   0x08008b26   0x000000f2   Code   RO         5043    x$fpl$fnaninf       g_wm.l(fnaninf.o)
    0x08008c18   0x08008c18   0x0000000a   Code   RO         5158    x$fpl$fpinit        g_wm.l(fpinit.o)
    0x08008c22   0x08008c22   0x0000000a   Code   RO         5045    x$fpl$fretinf       g_wm.l(fretinf.o)
    0x08008c2c   0x08008c2c   0x0000013c   Code   RO         5047    x$fpl$funder        g_wm.l(funder_clz.o)
    0x08008d68   0x08008d68   0x000000b2   Code   RO         5071    x$fpl$retnan        g_wm.l(retnan.o)
    0x08008e1a   0x08008e1a   0x0000007e   Code   RO         5049    x$fpl$trapveneer    g_wm.l(trapv.o)
    0x08008e98   0x08008e98   0x00000000   Code   RO         5051    x$fpl$usenofp       g_wm.l(usenofp.o)
    0x08008e98   0x08008e98   0x000000d4   Data   RO          242    .constdata          freertos.o
    0x08008f6c   0x08008f6c   0x00000008   Data   RO         1310    .constdata          stm32f4xx_hal_dma.o
    0x08008f74   0x08008f74   0x00000018   Data   RO         2390    .constdata          system_stm32f4xx.o
    0x08008f8c   0x08008f8c   0x00000012   Data   RO         4480    .constdata          monitor_task.o
    0x08008f9e   0x08008f9e   0x00000002   PAD
    0x08008fa0   0x08008fa0   0x00000030   Data   RO         4592    .constdata          shoot_task.o
    0x08008fd0   0x08008fd0   0x00000302   Data   RO         4761    .constdata          crc.o
    0x080092d2   0x080092d2   0x00000002   PAD
    0x080092d4   0x080092d4   0x00000804   Data   RO         4949    .constdata          arm_cortexM4lf_math.lib(arm_common_tables.o)
    0x08009ad8   0x08009ad8   0x00000056   Data   RO          243    .conststring        freertos.o
    0x08009b2e   0x08009b2e   0x00000002   PAD
    0x08009b30   0x08009b30   0x00000020   Data   RO         5214    Region$$Table       anon$$obj.o


    Execution Region RW_IRAM1 (Exec base: 0x20000000, Load base: 0x08009b50, Size: 0x00005b20, Max: 0x0001c000, ABSOLUTE, COMPRESSED[0x000000b8])

    Exec Addr    Load Addr    Size         Type   Attr      Idx    E Section Name        Object

    0x20000000   COMPRESSED   0x00000020   Data   RW          244    .data               freertos.o
    0x20000020   COMPRESSED   0x00000004   Data   RW          293    .data               can.o
    0x20000024   COMPRESSED   0x00000009   Data   RW         1748    .data               stm32f4xx_hal.o
    0x2000002d   COMPRESSED   0x00000003   PAD
    0x20000030   COMPRESSED   0x00000004   Data   RW         2391    .data               system_stm32f4xx.o
    0x20000034   COMPRESSED   0x0000003c   Data   RW         2952    .data               tasks.o
    0x20000070   COMPRESSED   0x00000020   Data   RW         3605    .data               heap_4.o
    0x20000090   COMPRESSED   0x0000000c   Data   RW         3673    .data               port.o
    0x2000009c   COMPRESSED   0x0000000a   Data   RW         3747    .data               bsp_usart.o
    0x200000a6   COMPRESSED   0x00000002   PAD
    0x200000a8   COMPRESSED   0x00000018   Data   RW         3940    .data               wt16c.o
    0x200000c0   COMPRESSED   0x00000015   Data   RW         4011    .data               can_receive.o
    0x200000d5   COMPRESSED   0x00000001   PAD
    0x200000d6   COMPRESSED   0x00000002   Data   RW         4096    .data               dt16_control.o
    0x200000d8   COMPRESSED   0x00000464   Data   RW         4159    .data               gimbal_task.o
    0x2000053c   COMPRESSED   0x00000002   Data   RW         4762    .data               crc.o
    0x2000053e   COMPRESSED   0x00000002   PAD
    0x20000540        -       0x00000254   Zero   RW          241    .bss                freertos.o
    0x20000794        -       0x00000050   Zero   RW          292    .bss                can.o
    0x200007e4        -       0x00000258   Zero   RW          366    .bss                usart.o
    0x20000a3c        -       0x000000f0   Zero   RW         2951    .bss                tasks.o
    0x20000b2c        -       0x00003c00   Zero   RW         3604    .bss                heap_4.o
    0x2000472c        -       0x000000ff   Zero   RW         3746    .bss                bsp_usart.o
    0x2000482b   COMPRESSED   0x00000001   PAD
    0x2000482c        -       0x0000004b   Zero   RW         3939    .bss                wt16c.o
    0x20004877   COMPRESSED   0x00000001   PAD
    0x20004878        -       0x00000064   Zero   RW         4010    .bss                can_receive.o
    0x200048dc        -       0x0000005e   Zero   RW         4095    .bss                dt16_control.o
    0x2000493a   COMPRESSED   0x00000002   PAD
    0x2000493c        -       0x0000047c   Zero   RW         4278    .bss                chassis_task.o
    0x20004db8        -       0x000000a4   Zero   RW         4479    .bss                monitor_task.o
    0x20004e5c        -       0x0000008c   Zero   RW         4526    .bss                vision_task.o
    0x20004ee8        -       0x000005d4   Zero   RW         4591    .bss                shoot_task.o
    0x200054bc        -       0x00000060   Zero   RW         5088    .bss                c_w.l(libspace.o)
    0x2000551c   COMPRESSED   0x00000004   PAD
    0x20005520        -       0x00000200   Zero   RW            2    HEAP                startup_stm32f407xx.o
    0x20005720        -       0x00000400   Zero   RW            1    STACK               startup_stm32f407xx.o


    Execution Region RW_IRAM2 (Exec base: 0x2001c000, Load base: 0x08009c08, Size: 0x00000000, Max: 0x00004000, ABSOLUTE)

    **** No section assigned to this execution region ****


==============================================================================

Image component sizes


      Code (inc. data)   RO Data    RW Data    ZI Data      Debug   Object Name

        92          8          0          0          0        630   bsp_can.o
       156         14          0          0          0       1108   bsp_dt16.o
       204         54          0         10        255     619378   bsp_usart.o
       488         44          0          4         80       2718   can.o
       788         92          0         21        100       9400   can_receive.o
       716         30          0          0       1148      11250   chassis_task.o
       182          0          0          0          0      24313   cmsis_os.o
       282         20        770          2          0       5486   crc.o
       136          6          0          0          0        938   dma.o
       550         34          0          2         94       5352   dt16_control.o
         0          0          0          0          0      20256   event_groups.o
       270         46        298         32        596       3447   freertos.o
      2214        118          0       1124          0      18318   gimbal_task.o
       240          8          0          0          0       1167   gpio.o
       724         74          0         32      15360       7799   heap_4.o
       148          0          0          0          0       3894   list.o
       246         10          0          0          0     704168   main.o
      1020         36         18          0        164       3573   monitor_task.o
       444         16          0          0          0       3328   pid.o
      1014         92          0         12          0      12713   port.o
      1436         10          0          0          0      15062   queue.o
      2584        138         48          0       1492       8906   shoot_task.o
        64         26        392          0       1536        900   startup_stm32f407xx.o
       172         32          0          9          0       9145   stm32f4xx_hal.o
      2148          6          0          0          0      15487   stm32f4xx_hal_can.o
       312         22          0          0          0      34723   stm32f4xx_hal_cortex.o
      1436         16          8          0          0       7530   stm32f4xx_hal_dma.o
       512         46          0          0          0       2276   stm32f4xx_hal_gpio.o
        84          6          0          0          0        970   stm32f4xx_hal_msp.o
      1820         84          0          0          0       6012   stm32f4xx_hal_rcc.o
      2868         40          0          0          0      18484   stm32f4xx_hal_uart.o
       190         54          0          0          0       8723   stm32f4xx_it.o
         0          0          0          0          0        384   stream_buffer.o
        20          6         24          4          0       1295   system_stm32f4xx.o
      2786        346          0         60        240      27948   tasks.o
       960         90          0          0        600       3840   usart.o
       636         42          0          0        140       4502   vision_task.o
      1224         84          0         24         75       5650   wt16c.o

    ----------------------------------------------------------------------
     29206       1750       1596       1344      21884    1631073   Object Totals
         0          0         32          0          0          0   (incl. Generated)
        40          0          6          8          4          0   (incl. Padding)

    ----------------------------------------------------------------------

      Code (inc. data)   RO Data    RW Data    ZI Data      Debug   Library Member Name

         0          0       2052          0          0       4636   arm_common_tables.o
       120         12          0          0          0      16970   arm_cos_f32.o
       116         12          0          0          0        658   arm_sin_f32.o
        90          0          0          0          0          0   __dczerorl2.o
         8          0          0          0          0         68   __main.o
         0          0          0          0          0          0   __rtentry.o
        12          0          0          0          0          0   __rtentry2.o
         6          0          0          0          0          0   __rtentry4.o
        52          8          0          0          0          0   __scatter.o
        28          0          0          0          0          0   __scatter_zi.o
        48          4          0          0          0         84   _fptrap.o
        10          0          0          0          0         68   defsig_exit.o
       172        110          0          0          0         76   defsig_fpe_inner.o
        14          0          0          0          0         80   defsig_fpe_outer.o
        50          0          0          0          0         88   defsig_general.o
        18          0          0          0          0         80   exit.o
         6          0          0          0          0        152   heapauxi.o
         0          0          0          0          0          0   indicate_semi.o
         2          0          0          0          0          0   libinit.o
         6          0          0          0          0          0   libinit2.o
         2          0          0          0          0          0   libshutdown.o
         2          0          0          0          0          0   libshutdown2.o
         8          4          0          0         96         68   libspace.o
       238          0          0          0          0        100   lludivv7m.o
        78          0          0          0          0         80   rt_memclr_w.o
       138          0          0          0          0         68   rt_memcpy_v6.o
       100          0          0          0          0         80   rt_memcpy_w.o
       132          0          0          0          0         68   rt_memmove_v6.o
       122          0          0          0          0         80   rt_memmove_w.o
         2          0          0          0          0          0   rtexit.o
        10          0          0          0          0          0   rtexit2.o
        12          4          0          0          0         68   sys_exit.o
        74          0          0          0          0         80   sys_stackheap_outer.o
        14          0          0          0          0         76   sys_wrch.o
         2          0          0          0          0         68   use_no_semi.o
       708         16          0          0          0        140   d2f_clz.o
      1256         28          0          0          0        408   daddsub_clz.o
        24          0          0          0          0        116   dcmpi.o
       200         16          0          0          0        184   dfix.o
        72          0          0          0          0        232   dflt_clz.o
       120          8          0          0          0        140   dleqf.o
       448         16          0          0          0        164   dmul_clz.o
       258          4          0          0          0        156   dnaninf.o
       112          0          0          0          0        160   drenorm_clz.o
        12          0          0          0          0        116   dretinf.o
        98          0          0          0          0        128   drleqf.o
       378          0          0          0          0        168   dunder_clz.o
       492         36          0          0          0        148   except.o
       122          8          0          0          0        132   f2d.o
       242          4          0          0          0        144   fnaninf.o
        10          0          0          0          0        116   fpinit.o
        10          0          0          0          0        116   fretinf.o
       316          0          0          0          0        132   funder_clz.o
       178          0          0          0          0        116   retnan.o
       126          0          0          0          0        148   trapv.o
         0          0          0          0          0          0   usenofp.o
        20          0          0          0          0        124   fabs.o

    ----------------------------------------------------------------------
      6906        290       2052          0        100      27084   Library Totals
        12          0          0          0          4          0   (incl. Padding)

    ----------------------------------------------------------------------

      Code (inc. data)   RO Data    RW Data    ZI Data      Debug   Library Name

       236         24       2052          0          0      22264   arm_cortexM4lf_math.lib
      1456        130          0          0         96       1532   c_w.l
      5182        136          0          0          0       3164   g_wm.l
        20          0          0          0          0        124   m_wm.l

    ----------------------------------------------------------------------
      6906        290       2052          0        100      27084   Library Totals

    ----------------------------------------------------------------------

==============================================================================


      Code (inc. data)   RO Data    RW Data    ZI Data      Debug   

     36112       2040       3648       1344      21984    1633977   Grand Totals
     36112       2040       3648        184      21984    1633977   ELF Image Totals (compressed)
     36112       2040       3648        184          0          0   ROM Totals

==============================================================================

    Total RO  Size (Code + RO Data)                39760 (  38.83kB)
    Total RW  Size (RW Data + ZI Data)             23328 (  22.78kB)
    Total ROM Size (Code + RO Data + RW Data)      39944 (  39.01kB)

==============================================================================

